Archive member included to satisfy reference by file (symbol)

/usr/lib/gcc/arm-none-eabi/12.2.0/thumb/v7-m/nofp/libgcc.a(_arm_mulsf3.o)
                              CMakeFiles/stm32_disp_ctrl.elf.dir/Core/Src/main.c.obj (__aeabi_fmul)
/usr/lib/gcc/arm-none-eabi/12.2.0/thumb/v7-m/nofp/libgcc.a(_arm_addsubdf3.o)
                              CMakeFiles/stm32_disp_ctrl.elf.dir/Core/Src/main.c.obj (__aeabi_f2d)
/usr/lib/gcc/arm-none-eabi/12.2.0/thumb/v7-m/nofp/libgcc.a(_arm_addsubsf3.o)
                              CMakeFiles/stm32_disp_ctrl.elf.dir/Core/Src/main.c.obj (__aeabi_fsub)
/usr/lib/gcc/arm-none-eabi/12.2.0/../../../../arm-none-eabi/lib/thumb/v7-m/nofp/libg.a(lib_a-atexit.o)
                              /usr/lib/gcc/arm-none-eabi/12.2.0/../../../../arm-none-eabi/lib/thumb/v7-m/nofp/crt0.o (atexit)
/usr/lib/gcc/arm-none-eabi/12.2.0/../../../../arm-none-eabi/lib/thumb/v7-m/nofp/libg.a(lib_a-errno.o)
                              CMakeFiles/stm32_disp_ctrl.elf.dir/Core/Src/syscalls.c.obj (__errno)
/usr/lib/gcc/arm-none-eabi/12.2.0/../../../../arm-none-eabi/lib/thumb/v7-m/nofp/libg.a(lib_a-exit.o)
                              /usr/lib/gcc/arm-none-eabi/12.2.0/../../../../arm-none-eabi/lib/thumb/v7-m/nofp/crt0.o (exit)
/usr/lib/gcc/arm-none-eabi/12.2.0/../../../../arm-none-eabi/lib/thumb/v7-m/nofp/libg.a(lib_a-fini.o)
                              /usr/lib/gcc/arm-none-eabi/12.2.0/../../../../arm-none-eabi/lib/thumb/v7-m/nofp/crt0.o (__libc_fini_array)
/usr/lib/gcc/arm-none-eabi/12.2.0/../../../../arm-none-eabi/lib/thumb/v7-m/nofp/libg.a(lib_a-impure.o)
                              /usr/lib/gcc/arm-none-eabi/12.2.0/../../../../arm-none-eabi/lib/thumb/v7-m/nofp/libg.a(lib_a-exit.o) (_global_impure_ptr)
/usr/lib/gcc/arm-none-eabi/12.2.0/../../../../arm-none-eabi/lib/thumb/v7-m/nofp/libg.a(lib_a-init.o)
                              /usr/lib/gcc/arm-none-eabi/12.2.0/../../../../arm-none-eabi/lib/thumb/v7-m/nofp/crt0.o (__libc_init_array)
/usr/lib/gcc/arm-none-eabi/12.2.0/../../../../arm-none-eabi/lib/thumb/v7-m/nofp/libg.a(lib_a-memcmp.o)
                              CMakeFiles/stm32_disp_ctrl.elf.dir/Core/Src/main.c.obj (memcmp)
/usr/lib/gcc/arm-none-eabi/12.2.0/../../../../arm-none-eabi/lib/thumb/v7-m/nofp/libg.a(lib_a-memset.o)
                              /usr/lib/gcc/arm-none-eabi/12.2.0/../../../../arm-none-eabi/lib/thumb/v7-m/nofp/crt0.o (memset)
/usr/lib/gcc/arm-none-eabi/12.2.0/../../../../arm-none-eabi/lib/thumb/v7-m/nofp/libg.a(lib_a-sprintf.o)
                              CMakeFiles/stm32_disp_ctrl.elf.dir/Core/Src/main.c.obj (sprintf)
/usr/lib/gcc/arm-none-eabi/12.2.0/../../../../arm-none-eabi/lib/thumb/v7-m/nofp/libg.a(lib_a-svfprintf.o)
                              /usr/lib/gcc/arm-none-eabi/12.2.0/../../../../arm-none-eabi/lib/thumb/v7-m/nofp/libg.a(lib_a-sprintf.o) (_svfprintf_r)
/usr/lib/gcc/arm-none-eabi/12.2.0/../../../../arm-none-eabi/lib/thumb/v7-m/nofp/libg.a(lib_a-__atexit.o)
                              /usr/lib/gcc/arm-none-eabi/12.2.0/../../../../arm-none-eabi/lib/thumb/v7-m/nofp/libg.a(lib_a-atexit.o) (__register_exitproc)
/usr/lib/gcc/arm-none-eabi/12.2.0/../../../../arm-none-eabi/lib/thumb/v7-m/nofp/libg.a(lib_a-__call_atexit.o)
                              /usr/lib/gcc/arm-none-eabi/12.2.0/../../../../arm-none-eabi/lib/thumb/v7-m/nofp/libg.a(lib_a-exit.o) (__call_exitprocs)
/usr/lib/gcc/arm-none-eabi/12.2.0/../../../../arm-none-eabi/lib/thumb/v7-m/nofp/libg.a(lib_a-dtoa.o)
                              /usr/lib/gcc/arm-none-eabi/12.2.0/../../../../arm-none-eabi/lib/thumb/v7-m/nofp/libg.a(lib_a-svfprintf.o) (_dtoa_r)
/usr/lib/gcc/arm-none-eabi/12.2.0/../../../../arm-none-eabi/lib/thumb/v7-m/nofp/libg.a(lib_a-freer.o)
                              /usr/lib/gcc/arm-none-eabi/12.2.0/../../../../arm-none-eabi/lib/thumb/v7-m/nofp/libg.a(lib_a-svfprintf.o) (_free_r)
/usr/lib/gcc/arm-none-eabi/12.2.0/../../../../arm-none-eabi/lib/thumb/v7-m/nofp/libg.a(lib_a-localeconv.o)
                              /usr/lib/gcc/arm-none-eabi/12.2.0/../../../../arm-none-eabi/lib/thumb/v7-m/nofp/libg.a(lib_a-svfprintf.o) (_localeconv_r)
/usr/lib/gcc/arm-none-eabi/12.2.0/../../../../arm-none-eabi/lib/thumb/v7-m/nofp/libg.a(lib_a-locale.o)
                              /usr/lib/gcc/arm-none-eabi/12.2.0/../../../../arm-none-eabi/lib/thumb/v7-m/nofp/libg.a(lib_a-localeconv.o) (__global_locale)
/usr/lib/gcc/arm-none-eabi/12.2.0/../../../../arm-none-eabi/lib/thumb/v7-m/nofp/libg.a(lib_a-lock.o)
                              /usr/lib/gcc/arm-none-eabi/12.2.0/../../../../arm-none-eabi/lib/thumb/v7-m/nofp/libg.a(lib_a-__atexit.o) (__retarget_lock_acquire_recursive)
/usr/lib/gcc/arm-none-eabi/12.2.0/../../../../arm-none-eabi/lib/thumb/v7-m/nofp/libg.a(lib_a-mallocr.o)
                              /usr/lib/gcc/arm-none-eabi/12.2.0/../../../../arm-none-eabi/lib/thumb/v7-m/nofp/libg.a(lib_a-svfprintf.o) (_malloc_r)
[...]
Memory Configuration

Name             Origin             Length             Attributes
RAM              0x0000000020000000 0x0000000000005000 xrw
FLASH            0x0000000008000000 0x0000000000010000 xr
*default*        0x0000000000000000 0xffffffffffffffff

Linker script and memory map

LOAD /usr/lib/gcc/arm-none-eabi/12.2.0/thumb/v7-m/nofp/crti.o
LOAD /usr/lib/gcc/arm-none-eabi/12.2.0/thumb/v7-m/nofp/crtbegin.o
LOAD /usr/lib/gcc/arm-none-eabi/12.2.0/../../../../arm-none-eabi/lib/thumb/v7-m/nofp/crt0.o
LOAD CMakeFiles/stm32_disp_ctrl.elf.dir/Core/Src/main.c.obj
LOAD CMakeFiles/stm32_disp_ctrl.elf.dir/Core/Src/stm32f1xx_hal_msp.c.obj
LOAD CMakeFiles/stm32_disp_ctrl.elf.dir/Core/Src/stm32f1xx_it.c.obj
LOAD CMakeFiles/stm32_disp_ctrl.elf.dir/Core/Src/syscalls.c.obj
LOAD CMakeFiles/stm32_disp_ctrl.elf.dir/Core/Src/sysmem.c.obj
LOAD CMakeFiles/stm32_disp_ctrl.elf.dir/Core/Src/system_stm32f1xx.c.obj
LOAD CMakeFiles/stm32_disp_ctrl.elf.dir/Core/Startup/startup_stm32f103c8tx.s.obj
LOAD CMakeFiles/stm32_disp_ctrl.elf.dir/Drivers/STM32F1xx_HAL_Driver/Src/stm32f1xx_hal.c.obj
LOAD CMakeFiles/stm32_disp_ctrl.elf.dir/Drivers/STM32F1xx_HAL_Driver/Src/stm32f1xx_hal_cortex.c.obj
LOAD CMakeFiles/stm32_disp_ctrl.elf.dir/Drivers/STM32F1xx_HAL_Driver/Src/stm32f1xx_hal_crc.c.obj
LOAD CMakeFiles/stm32_disp_ctrl.elf.dir/Drivers/STM32F1xx_HAL_Driver/Src/stm32f1xx_hal_dma.c.obj
LOAD CMakeFiles/stm32_disp_ctrl.elf.dir/Drivers/STM32F1xx_HAL_Driver/Src/stm32f1xx_hal_exti.c.obj
LOAD CMakeFiles/stm32_disp_ctrl.elf.dir/Drivers/STM32F1xx_HAL_Driver/Src/stm32f1xx_hal_flash.c.obj
LOAD CMakeFiles/stm32_disp_ctrl.elf.dir/Drivers/STM32F1xx_HAL_Driver/Src/stm32f1xx_hal_flash_ex.c.obj
LOAD CMakeFiles/stm32_disp_ctrl.elf.dir/Drivers/STM32F1xx_HAL_Driver/Src/stm32f1xx_hal_gpio.c.obj
LOAD CMakeFiles/stm32_disp_ctrl.elf.dir/Drivers/STM32F1xx_HAL_Driver/Src/stm32f1xx_hal_gpio_ex.c.obj
LOAD CMakeFiles/stm32_disp_ctrl.elf.dir/Drivers/STM32F1xx_HAL_Driver/Src/stm32f1xx_hal_i2c.c.obj
LOAD CMakeFiles/stm32_disp_ctrl.elf.dir/Drivers/STM32F1xx_HAL_Driver/Src/stm32f1xx_hal_pcd.c.obj
LOAD CMakeFiles/stm32_disp_ctrl.elf.dir/Drivers/STM32F1xx_HAL_Driver/Src/stm32f1xx_hal_pcd_ex.c.obj
LOAD CMakeFiles/stm32_disp_ctrl.elf.dir/Drivers/STM32F1xx_HAL_Driver/Src/stm32f1xx_hal_pwr.c.obj
LOAD CMakeFiles/stm32_disp_ctrl.elf.dir/Drivers/STM32F1xx_HAL_Driver/Src/stm32f1xx_hal_rcc.c.obj
LOAD CMakeFiles/stm32_disp_ctrl.elf.dir/Drivers/STM32F1xx_HAL_Driver/Src/stm32f1xx_hal_rcc_ex.c.obj
LOAD CMakeFiles/stm32_disp_ctrl.elf.dir/Drivers/STM32F1xx_HAL_Driver/Src/stm32f1xx_hal_tim.c.obj
LOAD CMakeFiles/stm32_disp_ctrl.elf.dir/Drivers/STM32F1xx_HAL_Driver/Src/stm32f1xx_hal_tim_ex.c.obj
LOAD CMakeFiles/stm32_disp_ctrl.elf.dir/Drivers/STM32F1xx_HAL_Driver/Src/stm32f1xx_hal_uart.c.obj
LOAD CMakeFiles/stm32_disp_ctrl.elf.dir/Drivers/STM32F1xx_HAL_Driver/Src/stm32f1xx_ll_usb.c.obj
LOAD CMakeFiles/stm32_disp_ctrl.elf.dir/Middlewares/ST/STM32_USB_Device_Library/Class/CDC/Src/usbd_cdc.c.obj
LOAD CMakeFiles/stm32_disp_ctrl.elf.dir/Middlewares/ST/STM32_USB_Device_Library/Core/Src/usbd_core.c.obj
LOAD CMakeFiles/stm32_disp_ctrl.elf.dir/Middlewares/ST/STM32_USB_Device_Library/Core/Src/usbd_ctlreq.c.obj
LOAD CMakeFiles/stm32_disp_ctrl.elf.dir/Middlewares/ST/STM32_USB_Device_Library/Core/Src/usbd_ioreq.c.obj
LOAD CMakeFiles/stm32_disp_ctrl.elf.dir/USB_DEVICE/App/usb_device.c.obj
LOAD CMakeFiles/stm32_disp_ctrl.elf.dir/USB_DEVICE/App/usbd_cdc_if.c.obj
LOAD CMakeFiles/stm32_disp_ctrl.elf.dir/USB_DEVICE/App/usbd_desc.c.obj
LOAD CMakeFiles/stm32_disp_ctrl.elf.dir/USB_DEVICE/Target/usbd_conf.c.obj
START GROUP
LOAD /usr/lib/gcc/arm-none-eabi/12.2.0/thumb/v7-m/nofp/libgcc.a
LOAD /usr/lib/gcc/arm-none-eabi/12.2.0/../../../../arm-none-eabi/lib/thumb/v7-m/nofp/libg.a
LOAD /usr/lib/gcc/arm-none-eabi/12.2.0/../../../../arm-none-eabi/lib/thumb/v7-m/nofp/libc.a
END GROUP
LOAD /usr/lib/gcc/arm-none-eabi/12.2.0/thumb/v7-m/nofp/crtend.o
LOAD /usr/lib/gcc/arm-none-eabi/12.2.0/thumb/v7-m/nofp/crtn.o
                0x0000000020005000                _estack = (ORIGIN (RAM) + LENGTH (RAM))
                0x0000000000000200                _Min_Heap_Size = 0x200
                0x0000000000000400                _Min_Stack_Size = 0x400

.isr_vector     0x0000000008000000      0x10c
                0x0000000008000000                . = ALIGN (0x4)
 *(.isr_vector)
 .isr_vector    0x0000000008000000      0x10c CMakeFiles/stm32_disp_ctrl.elf.dir/Core/Startup/startup_stm32f103c8tx.s.obj
                0x0000000008000000                g_pfnVectors
                0x000000000800010c                . = ALIGN (0x4)

.text           0x0000000008000110     0xbd74
                0x0000000008000110                . = ALIGN (0x4)
 *(.text)
 .text          0x0000000008000110      0x168 /usr/lib/gcc/arm-none-eabi/12.2.0/thumb/v7-m/nofp/libgcc.a(_arm_mulsf3.o)
                0x0000000008000110                __mulsf3
                0x0000000008000110                __aeabi_fmul
 .text          0x0000000008000278      0x378 /usr/lib/gcc/arm-none-eabi/12.2.0/thumb/v7-m/nofp/libgcc.a(_arm_addsubdf3.o)
                0x0000000008000278                __aeabi_drsub
                0x0000000008000280                __aeabi_dsub
                0x0000000008000280                __subdf3
                0x0000000008000284                __adddf3
                0x0000000008000284                __aeabi_dadd
                0x00000000080004fc                __aeabi_ui2d
                0x00000000080004fc                __floatunsidf
                0x000000000800051c                __floatsidf
                0x000000000800051c                __aeabi_i2d
                0x0000000008000540                __extendsfdf2
                0x0000000008000540                __aeabi_f2d
                0x0000000008000584                __aeabi_ul2d
                0x0000000008000584                __floatundidf
                0x0000000008000594                __floatdidf
                0x0000000008000594                __aeabi_l2d
 .text          0x00000000080005f0      0x21c /usr/lib/gcc/arm-none-eabi/12.2.0/thumb/v7-m/nofp/libgcc.a(_arm_addsubsf3.o)
                0x00000000080005f0                __aeabi_frsub
                0x00000000080005f8                __subsf3
                0x00000000080005f8                __aeabi_fsub
                0x00000000080005fc                __aeabi_fadd
                0x00000000080005fc                __addsf3
                0x000000000800075c                __aeabi_ui2f
                0x000000000800075c                __floatunsisf
                0x0000000008000764                __aeabi_i2f
                0x0000000008000764                __floatsisf
                0x0000000008000780                __floatundisf
                0x0000000008000780                __aeabi_ul2f
                0x0000000008000790                __floatdisf
                0x0000000008000790                __aeabi_l2f
 .text          0x000000000800080c       0xec /usr/lib/gcc/arm-none-eabi/12.2.0/../../../../arm-none-eabi/lib/thumb/v7-m/nofp/libg.a(lib_a-memcpy.o)
                0x000000000800080c                memcpy
 .text          0x00000000080008f8      0x424 /usr/lib/gcc/arm-none-eabi/12.2.0/thumb/v7-m/nofp/libgcc.a(_arm_muldivdf3.o)
                0x00000000080008f8                __aeabi_dmul
                0x00000000080008f8                __muldf3
                0x0000000008000b4c                __aeabi_ddiv
                0x0000000008000b4c                __divdf3
 .text          0x0000000008000d1c      0x110 /usr/lib/gcc/arm-none-eabi/12.2.0/thumb/v7-m/nofp/libgcc.a(_arm_cmpdf2.o)
                0x0000000008000d1c                __gtdf2
                0x0000000008000d1c                __gedf2
                0x0000000008000d24                __ltdf2
                0x0000000008000d24                __ledf2
                0x0000000008000d2c                __cmpdf2
                0x0000000008000d2c                __eqdf2
                0x0000000008000d2c                __nedf2
                0x0000000008000da8                __aeabi_cdrcmple
                0x0000000008000db8                __aeabi_cdcmple
                0x0000000008000db8                __aeabi_cdcmpeq
                0x0000000008000dc8                __aeabi_dcmpeq
                0x0000000008000ddc                __aeabi_dcmplt
                0x0000000008000df0                __aeabi_dcmple
                0x0000000008000e04                __aeabi_dcmpge
                0x0000000008000e18                __aeabi_dcmpgt
 .text          0x0000000008000e2c       0x2c /usr/lib/gcc/arm-none-eabi/12.2.0/thumb/v7-m/nofp/libgcc.a(_arm_unorddf2.o)
                0x0000000008000e2c                __aeabi_dcmpun
                0x0000000008000e2c                __unorddf2
 .text          0x0000000008000e58       0x50 /usr/lib/gcc/arm-none-eabi/12.2.0/thumb/v7-m/nofp/libgcc.a(_arm_fixdfsi.o)
                0x0000000008000e58                __fixdfsi
                0x0000000008000e58                __aeabi_d2iz
 *(.text*)
 .text.__do_global_dtors_aux
                0x0000000008000ea8       0x24 /usr/lib/gcc/arm-none-eabi/12.2.0/thumb/v7-m/nofp/crtbegin.o
 .text.frame_dummy
                0x0000000008000ecc       0x1c /usr/lib/gcc/arm-none-eabi/12.2.0/thumb/v7-m/nofp/crtbegin.o
 .text.MX_GPIO_Init
                0x0000000008000ee8       0x8c CMakeFiles/stm32_disp_ctrl.elf.dir/Core/Src/main.c.obj
 .text.MX_DMA_Init
                0x0000000008000f74       0x44 CMakeFiles/stm32_disp_ctrl.elf.dir/Core/Src/main.c.obj
 .text.crc_init
                0x0000000008000fb8       0x1c CMakeFiles/stm32_disp_ctrl.elf.dir/Core/Src/main.c.obj
                0x0000000008000fb8                crc_init
 .text.HAL_UART_RxCpltCallback
                0x0000000008000fd4      0x148 CMakeFiles/stm32_disp_ctrl.elf.dir/Core/Src/main.c.obj
                0x0000000008000fd4                HAL_UART_RxCpltCallback
 .text.Error_Handler
                0x000000000800111c        0x4 CMakeFiles/stm32_disp_ctrl.elf.dir/Core/Src/main.c.obj
                0x000000000800111c                Error_Handler
 .text.MX_TIM2_Init
                0x0000000008001120       0x68 CMakeFiles/stm32_disp_ctrl.elf.dir/Core/Src/main.c.obj
 .text.MX_I2C1_Init
                0x0000000008001188       0x38 CMakeFiles/stm32_disp_ctrl.elf.dir/Core/Src/main.c.obj
 .text.MX_USART1_UART_Init
                0x00000000080011c0       0x34 CMakeFiles/stm32_disp_ctrl.elf.dir/Core/Src/main.c.obj
 .text.MX_CRC_Init
                0x00000000080011f4       0x1c CMakeFiles/stm32_disp_ctrl.elf.dir/Core/Src/main.c.obj
 .text.SystemClock_Config
                0x0000000008001210       0x82 CMakeFiles/stm32_disp_ctrl.elf.dir/Core/Src/main.c.obj
                0x0000000008001210                SystemClock_Config
 *fill*         0x0000000008001292        0x2 
 .text.main     0x0000000008001294       0x44 CMakeFiles/stm32_disp_ctrl.elf.dir/Core/Src/main.c.obj
                0x0000000008001294                main
 .text.HAL_MspInit
                0x00000000080012d8       0x44 CMakeFiles/stm32_disp_ctrl.elf.dir/Core/Src/stm32f1xx_hal_msp.c.obj
                0x00000000080012d8                HAL_MspInit
 .text.HAL_CRC_MspInit
                0x000000000800131c       0x2c CMakeFiles/stm32_disp_ctrl.elf.dir/Core/Src/stm32f1xx_hal_msp.c.obj
                0x000000000800131c                HAL_CRC_MspInit
 .text.HAL_I2C_MspInit
                0x0000000008001348       0x64 CMakeFiles/stm32_disp_ctrl.elf.dir/Core/Src/stm32f1xx_hal_msp.c.obj
                0x0000000008001348                HAL_I2C_MspInit
 .text.HAL_TIM_Base_MspInit
                0x00000000080013ac       0x26 CMakeFiles/stm32_disp_ctrl.elf.dir/Core/Src/stm32f1xx_hal_msp.c.obj
                0x00000000080013ac                HAL_TIM_Base_MspInit
 *fill*         0x00000000080013d2        0x2 
 .text.HAL_UART_MspInit
                0x00000000080013d4       0xf0 CMakeFiles/stm32_disp_ctrl.elf.dir/Core/Src/stm32f1xx_hal_msp.c.obj
                0x00000000080013d4                HAL_UART_MspInit
 .text.NMI_Handler
                0x00000000080014c4        0x2 CMakeFiles/stm32_disp_ctrl.elf.dir/Core/Src/stm32f1xx_it.c.obj
                0x00000000080014c4                NMI_Handler
 .text.HardFault_Handler
                0x00000000080014c6        0x2 CMakeFiles/stm32_disp_ctrl.elf.dir/Core/Src/stm32f1xx_it.c.obj
                0x00000000080014c6                HardFault_Handler
 .text.MemManage_Handler
                0x00000000080014c8        0x2 CMakeFiles/stm32_disp_ctrl.elf.dir/Core/Src/stm32f1xx_it.c.obj
                0x00000000080014c8                MemManage_Handler
 .text.BusFault_Handler
                0x00000000080014ca        0x2 CMakeFiles/stm32_disp_ctrl.elf.dir/Core/Src/stm32f1xx_it.c.obj
                0x00000000080014ca                BusFault_Handler
 .text.UsageFault_Handler
                0x00000000080014cc        0x2 CMakeFiles/stm32_disp_ctrl.elf.dir/Core/Src/stm32f1xx_it.c.obj
                0x00000000080014cc                UsageFault_Handler
 .text.SVC_Handler
                0x00000000080014ce        0x2 CMakeFiles/stm32_disp_ctrl.elf.dir/Core/Src/stm32f1xx_it.c.obj
                0x00000000080014ce                SVC_Handler
 .text.DebugMon_Handler
                0x00000000080014d0        0x2 CMakeFiles/stm32_disp_ctrl.elf.dir/Core/Src/stm32f1xx_it.c.obj
                0x00000000080014d0                DebugMon_Handler
 .text.PendSV_Handler
                0x00000000080014d2        0x2 CMakeFiles/stm32_disp_ctrl.elf.dir/Core/Src/stm32f1xx_it.c.obj
                0x00000000080014d2                PendSV_Handler
 .text.SysTick_Handler
                0x00000000080014d4        0x8 CMakeFiles/stm32_disp_ctrl.elf.dir/Core/Src/stm32f1xx_it.c.obj
                0x00000000080014d4                SysTick_Handler
 .text.DMA1_Channel4_IRQHandler
                0x00000000080014dc       0x10 CMakeFiles/stm32_disp_ctrl.elf.dir/Core/Src/stm32f1xx_it.c.obj
                0x00000000080014dc                DMA1_Channel4_IRQHandler
 .text.DMA1_Channel5_IRQHandler
                0x00000000080014ec       0x10 CMakeFiles/stm32_disp_ctrl.elf.dir/Core/Src/stm32f1xx_it.c.obj
                0x00000000080014ec                DMA1_Channel5_IRQHandler
 .text.USB_LP_CAN1_RX0_IRQHandler
                0x00000000080014fc       0x10 CMakeFiles/stm32_disp_ctrl.elf.dir/Core/Src/stm32f1xx_it.c.obj
                0x00000000080014fc                USB_LP_CAN1_RX0_IRQHandler
 .text.USART1_IRQHandler
                0x000000000800150c       0x10 CMakeFiles/stm32_disp_ctrl.elf.dir/Core/Src/stm32f1xx_it.c.obj
                0x000000000800150c                USART1_IRQHandler
 .text._getpid  0x000000000800151c        0x4 CMakeFiles/stm32_disp_ctrl.elf.dir/Core/Src/syscalls.c.obj
                0x000000000800151c                _getpid
 .text._kill    0x0000000008001520       0x10 CMakeFiles/stm32_disp_ctrl.elf.dir/Core/Src/syscalls.c.obj
                0x0000000008001520                _kill
 .text._exit    0x0000000008001530        0xc CMakeFiles/stm32_disp_ctrl.elf.dir/Core/Src/syscalls.c.obj
                0x0000000008001530                _exit
 .text._read    0x000000000800153c       0x20 CMakeFiles/stm32_disp_ctrl.elf.dir/Core/Src/syscalls.c.obj
                0x000000000800153c                _read
 .text._write   0x000000000800155c       0x1c CMakeFiles/stm32_disp_ctrl.elf.dir/Core/Src/syscalls.c.obj
                0x000000000800155c                _write
 .text._close   0x0000000008001578        0x6 CMakeFiles/stm32_disp_ctrl.elf.dir/Core/Src/syscalls.c.obj
                0x0000000008001578                _close
 .text._fstat   0x000000000800157e        0xa CMakeFiles/stm32_disp_ctrl.elf.dir/Core/Src/syscalls.c.obj
                0x000000000800157e                _fstat
 .text._isatty  0x0000000008001588        0x4 CMakeFiles/stm32_disp_ctrl.elf.dir/Core/Src/syscalls.c.obj
                0x0000000008001588                _isatty
 .text._lseek   0x000000000800158c        0x4 CMakeFiles/stm32_disp_ctrl.elf.dir/Core/Src/syscalls.c.obj
                0x000000000800158c                _lseek
 .text._sbrk    0x0000000008001590       0x48 CMakeFiles/stm32_disp_ctrl.elf.dir/Core/Src/sysmem.c.obj
                0x0000000008001590                _sbrk
 .text.SystemInit
                0x00000000080015d8        0x2 CMakeFiles/stm32_disp_ctrl.elf.dir/Core/Src/system_stm32f1xx.c.obj
                0x00000000080015d8                SystemInit
 *fill*         0x00000000080015da        0x2 
 .text.Reset_Handler
                0x00000000080015dc       0x48 CMakeFiles/stm32_disp_ctrl.elf.dir/Core/Startup/startup_stm32f103c8tx.s.obj
                0x00000000080015dc                Reset_Handler
 .text.Default_Handler
                0x0000000008001624        0x2 CMakeFiles/stm32_disp_ctrl.elf.dir/Core/Startup/startup_stm32f103c8tx.s.obj
                0x0000000008001624                RTC_Alarm_IRQHandler
                0x0000000008001624                EXTI2_IRQHandler
                0x0000000008001624                TIM1_CC_IRQHandler
                0x0000000008001624                PVD_IRQHandler
                0x0000000008001624                EXTI3_IRQHandler
                0x0000000008001624                EXTI0_IRQHandler
                0x0000000008001624                I2C2_EV_IRQHandler
                0x0000000008001624                ADC1_2_IRQHandler
                0x0000000008001624                SPI1_IRQHandler
                0x0000000008001624                TAMPER_IRQHandler
                0x0000000008001624                USART3_IRQHandler
                0x0000000008001624                RTC_IRQHandler
                0x0000000008001624                DMA1_Channel7_IRQHandler
                0x0000000008001624                CAN1_RX1_IRQHandler
                0x0000000008001624                TIM4_IRQHandler
                0x0000000008001624                I2C1_EV_IRQHandler
                0x0000000008001624                DMA1_Channel6_IRQHandler
                0x0000000008001624                TIM3_IRQHandler
                0x0000000008001624                RCC_IRQHandler
                0x0000000008001624                TIM1_TRG_COM_IRQHandler
                0x0000000008001624                DMA1_Channel1_IRQHandler
                0x0000000008001624                Default_Handler
                0x0000000008001624                EXTI15_10_IRQHandler
                0x0000000008001624                EXTI9_5_IRQHandler
                0x0000000008001624                SPI2_IRQHandler
                0x0000000008001624                EXTI4_IRQHandler
                0x0000000008001624                USB_HP_CAN1_TX_IRQHandler
                0x0000000008001624                DMA1_Channel3_IRQHandler
                0x0000000008001624                TIM1_UP_IRQHandler
                0x0000000008001624                WWDG_IRQHandler
                0x0000000008001624                TIM2_IRQHandler
                0x0000000008001624                TIM1_BRK_IRQHandler
                0x0000000008001624                EXTI1_IRQHandler
                0x0000000008001624                USART2_IRQHandler
                0x0000000008001624                I2C2_ER_IRQHandler
                0x0000000008001624                DMA1_Channel2_IRQHandler
                0x0000000008001624                CAN1_SCE_IRQHandler
                0x0000000008001624                FLASH_IRQHandler
                0x0000000008001624                I2C1_ER_IRQHandler
                0x0000000008001624                USBWakeUp_IRQHandler
 *fill*         0x0000000008001626        0x2 
 .text.HAL_InitTick
                0x0000000008001628       0x4c CMakeFiles/stm32_disp_ctrl.elf.dir/Drivers/STM32F1xx_HAL_Driver/Src/stm32f1xx_hal.c.obj
                0x0000000008001628                HAL_InitTick
 .text.HAL_Init
                0x0000000008001674       0x24 CMakeFiles/stm32_disp_ctrl.elf.dir/Drivers/STM32F1xx_HAL_Driver/Src/stm32f1xx_hal.c.obj
                0x0000000008001674                HAL_Init
 .text.HAL_IncTick
                0x0000000008001698       0x18 CMakeFiles/stm32_disp_ctrl.elf.dir/Drivers/STM32F1xx_HAL_Driver/Src/stm32f1xx_hal.c.obj
                0x0000000008001698                HAL_IncTick
 .text.HAL_GetTick
                0x00000000080016b0        0xc CMakeFiles/stm32_disp_ctrl.elf.dir/Drivers/STM32F1xx_HAL_Driver/Src/stm32f1xx_hal.c.obj
                0x00000000080016b0                HAL_GetTick
 .text.HAL_Delay
                0x00000000080016bc       0x28 CMakeFiles/stm32_disp_ctrl.elf.dir/Drivers/STM32F1xx_HAL_Driver/Src/stm32f1xx_hal.c.obj
                0x00000000080016bc                HAL_Delay
 .text.__NVIC_SetPriority
                0x00000000080016e4       0x28 CMakeFiles/stm32_disp_ctrl.elf.dir/Drivers/STM32F1xx_HAL_Driver/Src/stm32f1xx_hal_cortex.c.obj
 .text.NVIC_EncodePriority
                0x000000000800170c       0x3e CMakeFiles/stm32_disp_ctrl.elf.dir/Drivers/STM32F1xx_HAL_Driver/Src/stm32f1xx_hal_cortex.c.obj
 *fill*         0x000000000800174a        0x2 
 .text.HAL_NVIC_SetPriorityGrouping
                0x000000000800174c       0x24 CMakeFiles/stm32_disp_ctrl.elf.dir/Drivers/STM32F1xx_HAL_Driver/Src/stm32f1xx_hal_cortex.c.obj
                0x000000000800174c                HAL_NVIC_SetPriorityGrouping
 .text.HAL_NVIC_SetPriority
                0x0000000008001770       0x20 CMakeFiles/stm32_disp_ctrl.elf.dir/Drivers/STM32F1xx_HAL_Driver/Src/stm32f1xx_hal_cortex.c.obj
                0x0000000008001770                HAL_NVIC_SetPriority
 .text.HAL_NVIC_EnableIRQ
                0x0000000008001790       0x1c CMakeFiles/stm32_disp_ctrl.elf.dir/Drivers/STM32F1xx_HAL_Driver/Src/stm32f1xx_hal_cortex.c.obj
                0x0000000008001790                HAL_NVIC_EnableIRQ
 .text.HAL_SYSTICK_Config
                0x00000000080017ac       0x28 CMakeFiles/stm32_disp_ctrl.elf.dir/Drivers/STM32F1xx_HAL_Driver/Src/stm32f1xx_hal_cortex.c.obj
                0x00000000080017ac                HAL_SYSTICK_Config
 .text.HAL_CRC_Init
                0x00000000080017d4       0x1e CMakeFiles/stm32_disp_ctrl.elf.dir/Drivers/STM32F1xx_HAL_Driver/Src/stm32f1xx_hal_crc.c.obj
                0x00000000080017d4                HAL_CRC_Init
 .text.DMA_SetConfig
                0x00000000080017f2       0x2c CMakeFiles/stm32_disp_ctrl.elf.dir/Drivers/STM32F1xx_HAL_Driver/Src/stm32f1xx_hal_dma.c.obj
 *fill*         0x000000000800181e        0x2 
 .text.HAL_DMA_Init
                0x0000000008001820       0x6c CMakeFiles/stm32_disp_ctrl.elf.dir/Drivers/STM32F1xx_HAL_Driver/Src/stm32f1xx_hal_dma.c.obj
                0x0000000008001820                HAL_DMA_Init
 .text.HAL_DMA_Start_IT
                0x000000000800188c       0x74 CMakeFiles/stm32_disp_ctrl.elf.dir/Drivers/STM32F1xx_HAL_Driver/Src/stm32f1xx_hal_dma.c.obj
                0x000000000800188c                HAL_DMA_Start_IT
 .text.HAL_DMA_Abort
                0x0000000008001900       0x44 CMakeFiles/stm32_disp_ctrl.elf.dir/Drivers/STM32F1xx_HAL_Driver/Src/stm32f1xx_hal_dma.c.obj
                0x0000000008001900                HAL_DMA_Abort
 .text.HAL_DMA_Abort_IT
                0x0000000008001944       0x98 CMakeFiles/stm32_disp_ctrl.elf.dir/Drivers/STM32F1xx_HAL_Driver/Src/stm32f1xx_hal_dma.c.obj
                0x0000000008001944                HAL_DMA_Abort_IT
 .text.HAL_DMA_IRQHandler
                0x00000000080019dc      0x144 CMakeFiles/stm32_disp_ctrl.elf.dir/Drivers/STM32F1xx_HAL_Driver/Src/stm32f1xx_hal_dma.c.obj
                0x00000000080019dc                HAL_DMA_IRQHandler
 .text.HAL_GPIO_Init
                0x0000000008001b20      0x21c CMakeFiles/stm32_disp_ctrl.elf.dir/Drivers/STM32F1xx_HAL_Driver/Src/stm32f1xx_hal_gpio.c.obj
                0x0000000008001b20                HAL_GPIO_Init
 .text.HAL_GPIO_WritePin
                0x0000000008001d3c        0xc CMakeFiles/stm32_disp_ctrl.elf.dir/Drivers/STM32F1xx_HAL_Driver/Src/stm32f1xx_hal_gpio.c.obj
                0x0000000008001d3c                HAL_GPIO_WritePin
 .text.HAL_GPIO_TogglePin
                0x0000000008001d48       0x12 CMakeFiles/stm32_disp_ctrl.elf.dir/Drivers/STM32F1xx_HAL_Driver/Src/stm32f1xx_hal_gpio.c.obj
                0x0000000008001d48                HAL_GPIO_TogglePin
 *fill*         0x0000000008001d5a        0x2 
 .text.HAL_I2C_Init
                0x0000000008001d5c      0x1bc CMakeFiles/stm32_disp_ctrl.elf.dir/Drivers/STM32F1xx_HAL_Driver/Src/stm32f1xx_hal_i2c.c.obj
                0x0000000008001d5c                HAL_I2C_Init
 .text.HAL_PCD_EP_DB_Receive
                0x0000000008001f18      0x11c CMakeFiles/stm32_disp_ctrl.elf.dir/Drivers/STM32F1xx_HAL_Driver/Src/stm32f1xx_hal_pcd.c.obj
 .text.HAL_PCD_Init
                0x0000000008002034      0x118 CMakeFiles/stm32_disp_ctrl.elf.dir/Drivers/STM32F1xx_HAL_Driver/Src/stm32f1xx_hal_pcd.c.obj
                0x0000000008002034                HAL_PCD_Init
 .text.HAL_PCD_Start
                0x000000000800214c       0x32 CMakeFiles/stm32_disp_ctrl.elf.dir/Drivers/STM32F1xx_HAL_Driver/Src/stm32f1xx_hal_pcd.c.obj
                0x000000000800214c                HAL_PCD_Start
 .text.HAL_PCD_EP_DB_Transmit
                0x000000000800217e      0x420 CMakeFiles/stm32_disp_ctrl.elf.dir/Drivers/STM32F1xx_HAL_Driver/Src/stm32f1xx_hal_pcd.c.obj
 .text.PCD_EP_ISR_Handler
                0x000000000800259e      0x440 CMakeFiles/stm32_disp_ctrl.elf.dir/Drivers/STM32F1xx_HAL_Driver/Src/stm32f1xx_hal_pcd.c.obj
 .text.HAL_PCD_SetAddress
                0x00000000080029de       0x28 CMakeFiles/stm32_disp_ctrl.elf.dir/Drivers/STM32F1xx_HAL_Driver/Src/stm32f1xx_hal_pcd.c.obj
                0x00000000080029de                HAL_PCD_SetAddress
 .text.HAL_PCD_IRQHandler
                0x0000000008002a06      0x1d4 CMakeFiles/stm32_disp_ctrl.elf.dir/Drivers/STM32F1xx_HAL_Driver/Src/stm32f1xx_hal_pcd.c.obj
                0x0000000008002a06                HAL_PCD_IRQHandler
 .text.HAL_PCD_EP_Open
                0x0000000008002bda       0x84 CMakeFiles/stm32_disp_ctrl.elf.dir/Drivers/STM32F1xx_HAL_Driver/Src/stm32f1xx_hal_pcd.c.obj
                0x0000000008002bda                HAL_PCD_EP_Open
 .text.HAL_PCD_EP_Close
                0x0000000008002c5e       0x64 CMakeFiles/stm32_disp_ctrl.elf.dir/Drivers/STM32F1xx_HAL_Driver/Src/stm32f1xx_hal_pcd.c.obj
                0x0000000008002c5e                HAL_PCD_EP_Close
 .text.HAL_PCD_EP_Receive
                0x0000000008002cc2       0x44 CMakeFiles/stm32_disp_ctrl.elf.dir/Drivers/STM32F1xx_HAL_Driver/Src/stm32f1xx_hal_pcd.c.obj
                0x0000000008002cc2                HAL_PCD_EP_Receive
 .text.HAL_PCD_EP_GetRxCount
                0x0000000008002d06       0x12 CMakeFiles/stm32_disp_ctrl.elf.dir/Drivers/STM32F1xx_HAL_Driver/Src/stm32f1xx_hal_pcd.c.obj
                0x0000000008002d06                HAL_PCD_EP_GetRxCount
 .text.HAL_PCD_EP_Transmit
                0x0000000008002d18       0x50 CMakeFiles/stm32_disp_ctrl.elf.dir/Drivers/STM32F1xx_HAL_Driver/Src/stm32f1xx_hal_pcd.c.obj
                0x0000000008002d18                HAL_PCD_EP_Transmit
 .text.HAL_PCD_EP_SetStall
                0x0000000008002d68       0x78 CMakeFiles/stm32_disp_ctrl.elf.dir/Drivers/STM32F1xx_HAL_Driver/Src/stm32f1xx_hal_pcd.c.obj
                0x0000000008002d68                HAL_PCD_EP_SetStall
 .text.HAL_PCD_EP_ClrStall
                0x0000000008002de0       0x76 CMakeFiles/stm32_disp_ctrl.elf.dir/Drivers/STM32F1xx_HAL_Driver/Src/stm32f1xx_hal_pcd.c.obj
                0x0000000008002de0                HAL_PCD_EP_ClrStall
 .text.HAL_PCDEx_PMAConfig
                0x0000000008002e56       0x38 CMakeFiles/stm32_disp_ctrl.elf.dir/Drivers/STM32F1xx_HAL_Driver/Src/stm32f1xx_hal_pcd_ex.c.obj
                0x0000000008002e56                HAL_PCDEx_PMAConfig
 *fill*         0x0000000008002e8e        0x2 
 .text.RCC_Delay
                0x0000000008002e90       0x2c CMakeFiles/stm32_disp_ctrl.elf.dir/Drivers/STM32F1xx_HAL_Driver/Src/stm32f1xx_hal_rcc.c.obj
 .text.HAL_RCC_OscConfig
                0x0000000008002ebc      0x410 CMakeFiles/stm32_disp_ctrl.elf.dir/Drivers/STM32F1xx_HAL_Driver/Src/stm32f1xx_hal_rcc.c.obj
                0x0000000008002ebc                HAL_RCC_OscConfig
 .text.HAL_RCC_GetSysClockFreq
                0x00000000080032cc       0x70 CMakeFiles/stm32_disp_ctrl.elf.dir/Drivers/STM32F1xx_HAL_Driver/Src/stm32f1xx_hal_rcc.c.obj
                0x00000000080032cc                HAL_RCC_GetSysClockFreq
 .text.HAL_RCC_ClockConfig
                0x000000000800333c      0x16c CMakeFiles/stm32_disp_ctrl.elf.dir/Drivers/STM32F1xx_HAL_Driver/Src/stm32f1xx_hal_rcc.c.obj
                0x000000000800333c                HAL_RCC_ClockConfig
 .text.HAL_RCC_GetHCLKFreq
                0x00000000080034a8        0xc CMakeFiles/stm32_disp_ctrl.elf.dir/Drivers/STM32F1xx_HAL_Driver/Src/stm32f1xx_hal_rcc.c.obj
                0x00000000080034a8                HAL_RCC_GetHCLKFreq
 .text.HAL_RCC_GetPCLK1Freq
                0x00000000080034b4       0x20 CMakeFiles/stm32_disp_ctrl.elf.dir/Drivers/STM32F1xx_HAL_Driver/Src/stm32f1xx_hal_rcc.c.obj
                0x00000000080034b4                HAL_RCC_GetPCLK1Freq
 .text.HAL_RCC_GetPCLK2Freq
                0x00000000080034d4       0x20 CMakeFiles/stm32_disp_ctrl.elf.dir/Drivers/STM32F1xx_HAL_Driver/Src/stm32f1xx_hal_rcc.c.obj
                0x00000000080034d4                HAL_RCC_GetPCLK2Freq
 .text.HAL_RCCEx_PeriphCLKConfig
                0x00000000080034f4      0x118 CMakeFiles/stm32_disp_ctrl.elf.dir/Drivers/STM32F1xx_HAL_Driver/Src/stm32f1xx_hal_rcc_ex.c.obj
                0x00000000080034f4                HAL_RCCEx_PeriphCLKConfig
 .text.TIM_TI1_ConfigInputStage
                0x000000000800360c       0x24 CMakeFiles/stm32_disp_ctrl.elf.dir/Drivers/STM32F1xx_HAL_Driver/Src/stm32f1xx_hal_tim.c.obj
 .text.TIM_TI2_ConfigInputStage
                0x0000000008003630       0x26 CMakeFiles/stm32_disp_ctrl.elf.dir/Drivers/STM32F1xx_HAL_Driver/Src/stm32f1xx_hal_tim.c.obj
 .text.TIM_ITRx_SetConfig
                0x0000000008003656       0x10 CMakeFiles/stm32_disp_ctrl.elf.dir/Drivers/STM32F1xx_HAL_Driver/Src/stm32f1xx_hal_tim.c.obj
 *fill*         0x0000000008003666        0x2 
 .text.TIM_Base_SetConfig
                0x0000000008003668       0x74 CMakeFiles/stm32_disp_ctrl.elf.dir/Drivers/STM32F1xx_HAL_Driver/Src/stm32f1xx_hal_tim.c.obj
                0x0000000008003668                TIM_Base_SetConfig
 .text.HAL_TIM_Base_Init
                0x00000000080036dc       0x58 CMakeFiles/stm32_disp_ctrl.elf.dir/Drivers/STM32F1xx_HAL_Driver/Src/stm32f1xx_hal_tim.c.obj
                0x00000000080036dc                HAL_TIM_Base_Init
 .text.TIM_ETR_SetConfig
                0x0000000008003734       0x18 CMakeFiles/stm32_disp_ctrl.elf.dir/Drivers/STM32F1xx_HAL_Driver/Src/stm32f1xx_hal_tim.c.obj
                0x0000000008003734                TIM_ETR_SetConfig
 .text.HAL_TIM_ConfigClockSource
                0x000000000800374c       0xda CMakeFiles/stm32_disp_ctrl.elf.dir/Drivers/STM32F1xx_HAL_Driver/Src/stm32f1xx_hal_tim.c.obj
                0x000000000800374c                HAL_TIM_ConfigClockSource
 *fill*         0x0000000008003826        0x2 
 .text.HAL_TIMEx_MasterConfigSynchronization
                0x0000000008003828       0x6c CMakeFiles/stm32_disp_ctrl.elf.dir/Drivers/STM32F1xx_HAL_Driver/Src/stm32f1xx_hal_tim_ex.c.obj
                0x0000000008003828                HAL_TIMEx_MasterConfigSynchronization
 .text.UART_EndTxTransfer
                0x0000000008003894       0x12 CMakeFiles/stm32_disp_ctrl.elf.dir/Drivers/STM32F1xx_HAL_Driver/Src/stm32f1xx_hal_uart.c.obj
 .text.UART_EndRxTransfer
                0x00000000080038a6       0x32 CMakeFiles/stm32_disp_ctrl.elf.dir/Drivers/STM32F1xx_HAL_Driver/Src/stm32f1xx_hal_uart.c.obj
 .text.UART_Transmit_IT
                0x00000000080038d8       0x60 CMakeFiles/stm32_disp_ctrl.elf.dir/Drivers/STM32F1xx_HAL_Driver/Src/stm32f1xx_hal_uart.c.obj
 .text.UART_SetConfig
                0x0000000008003938       0x94 CMakeFiles/stm32_disp_ctrl.elf.dir/Drivers/STM32F1xx_HAL_Driver/Src/stm32f1xx_hal_uart.c.obj
 .text.HAL_UART_Init
                0x00000000080039cc       0x5e CMakeFiles/stm32_disp_ctrl.elf.dir/Drivers/STM32F1xx_HAL_Driver/Src/stm32f1xx_hal_uart.c.obj
                0x00000000080039cc                HAL_UART_Init
 .text.HAL_UART_TxCpltCallback
                0x0000000008003a2a        0x2 CMakeFiles/stm32_disp_ctrl.elf.dir/Drivers/STM32F1xx_HAL_Driver/Src/stm32f1xx_hal_uart.c.obj
                0x0000000008003a2a                HAL_UART_TxCpltCallback
 .text.UART_EndTransmit_IT
                0x0000000008003a2c       0x1a CMakeFiles/stm32_disp_ctrl.elf.dir/Drivers/STM32F1xx_HAL_Driver/Src/stm32f1xx_hal_uart.c.obj
 .text.HAL_UART_RxHalfCpltCallback
                0x0000000008003a46        0x2 CMakeFiles/stm32_disp_ctrl.elf.dir/Drivers/STM32F1xx_HAL_Driver/Src/stm32f1xx_hal_uart.c.obj
                0x0000000008003a46                HAL_UART_RxHalfCpltCallback
 .text.HAL_UART_ErrorCallback
                0x0000000008003a48        0x2 CMakeFiles/stm32_disp_ctrl.elf.dir/Drivers/STM32F1xx_HAL_Driver/Src/stm32f1xx_hal_uart.c.obj
                0x0000000008003a48                HAL_UART_ErrorCallback
 .text.UART_DMAError
                0x0000000008003a4a       0x58 CMakeFiles/stm32_disp_ctrl.elf.dir/Drivers/STM32F1xx_HAL_Driver/Src/stm32f1xx_hal_uart.c.obj
 .text.UART_DMAAbortOnError
                0x0000000008003aa2       0x10 CMakeFiles/stm32_disp_ctrl.elf.dir/Drivers/STM32F1xx_HAL_Driver/Src/stm32f1xx_hal_uart.c.obj
 .text.HAL_UARTEx_RxEventCallback
                0x0000000008003ab2        0x2 CMakeFiles/stm32_disp_ctrl.elf.dir/Drivers/STM32F1xx_HAL_Driver/Src/stm32f1xx_hal_uart.c.obj
                0x0000000008003ab2                HAL_UARTEx_RxEventCallback
 .text.UART_Receive_IT
                0x0000000008003ab4       0xd4 CMakeFiles/stm32_disp_ctrl.elf.dir/Drivers/STM32F1xx_HAL_Driver/Src/stm32f1xx_hal_uart.c.obj
 .text.HAL_UART_IRQHandler
                0x0000000008003b88      0x200 CMakeFiles/stm32_disp_ctrl.elf.dir/Drivers/STM32F1xx_HAL_Driver/Src/stm32f1xx_hal_uart.c.obj
                0x0000000008003b88                HAL_UART_IRQHandler
 .text.UART_DMARxHalfCplt
                0x0000000008003d88       0x1a CMakeFiles/stm32_disp_ctrl.elf.dir/Drivers/STM32F1xx_HAL_Driver/Src/stm32f1xx_hal_uart.c.obj
 .text.UART_DMAReceiveCplt
                0x0000000008003da2       0x5e CMakeFiles/stm32_disp_ctrl.elf.dir/Drivers/STM32F1xx_HAL_Driver/Src/stm32f1xx_hal_uart.c.obj
 .text.UART_Start_Receive_DMA
                0x0000000008003e00       0x78 CMakeFiles/stm32_disp_ctrl.elf.dir/Drivers/STM32F1xx_HAL_Driver/Src/stm32f1xx_hal_uart.c.obj
                0x0000000008003e00                UART_Start_Receive_DMA
 .text.HAL_UART_Receive_DMA
                0x0000000008003e78       0x38 CMakeFiles/stm32_disp_ctrl.elf.dir/Drivers/STM32F1xx_HAL_Driver/Src/stm32f1xx_hal_uart.c.obj
                0x0000000008003e78                HAL_UART_Receive_DMA
 .text.USB_CoreInit
                0x0000000008003eb0        0xe CMakeFiles/stm32_disp_ctrl.elf.dir/Drivers/STM32F1xx_HAL_Driver/Src/stm32f1xx_ll_usb.c.obj
                0x0000000008003eb0                USB_CoreInit
 .text.USB_EnableGlobalInt
                0x0000000008003ebe       0x12 CMakeFiles/stm32_disp_ctrl.elf.dir/Drivers/STM32F1xx_HAL_Driver/Src/stm32f1xx_ll_usb.c.obj
                0x0000000008003ebe                USB_EnableGlobalInt
 .text.USB_DisableGlobalInt
                0x0000000008003ed0       0x14 CMakeFiles/stm32_disp_ctrl.elf.dir/Drivers/STM32F1xx_HAL_Driver/Src/stm32f1xx_ll_usb.c.obj
                0x0000000008003ed0                USB_DisableGlobalInt
 .text.USB_SetCurrentMode
                0x0000000008003ee4        0x4 CMakeFiles/stm32_disp_ctrl.elf.dir/Drivers/STM32F1xx_HAL_Driver/Src/stm32f1xx_ll_usb.c.obj
                0x0000000008003ee4                USB_SetCurrentMode
 .text.USB_DevInit
                0x0000000008003ee8       0x22 CMakeFiles/stm32_disp_ctrl.elf.dir/Drivers/STM32F1xx_HAL_Driver/Src/stm32f1xx_ll_usb.c.obj
                0x0000000008003ee8                USB_DevInit
 .text.USB_ActivateEndpoint
                0x0000000008003f0a      0x378 CMakeFiles/stm32_disp_ctrl.elf.dir/Drivers/STM32F1xx_HAL_Driver/Src/stm32f1xx_ll_usb.c.obj
                0x0000000008003f0a                USB_ActivateEndpoint
 .text.USB_DeactivateEndpoint
                0x0000000008004282      0x1d6 CMakeFiles/stm32_disp_ctrl.elf.dir/Drivers/STM32F1xx_HAL_Driver/Src/stm32f1xx_ll_usb.c.obj
                0x0000000008004282                USB_DeactivateEndpoint
 .text.USB_EPSetStall
                0x0000000008004458       0x4a CMakeFiles/stm32_disp_ctrl.elf.dir/Drivers/STM32F1xx_HAL_Driver/Src/stm32f1xx_ll_usb.c.obj
                0x0000000008004458                USB_EPSetStall
 .text.USB_EPClearStall
                0x00000000080044a2       0xa2 CMakeFiles/stm32_disp_ctrl.elf.dir/Drivers/STM32F1xx_HAL_Driver/Src/stm32f1xx_ll_usb.c.obj
                0x00000000080044a2                USB_EPClearStall
 .text.USB_SetDevAddress
                0x0000000008004544        0xc CMakeFiles/stm32_disp_ctrl.elf.dir/Drivers/STM32F1xx_HAL_Driver/Src/stm32f1xx_ll_usb.c.obj
                0x0000000008004544                USB_SetDevAddress
 .text.USB_DevConnect
                0x0000000008004550        0x4 CMakeFiles/stm32_disp_ctrl.elf.dir/Drivers/STM32F1xx_HAL_Driver/Src/stm32f1xx_ll_usb.c.obj
                0x0000000008004550                USB_DevConnect
 .text.USB_DevDisconnect
                0x0000000008004554        0x4 CMakeFiles/stm32_disp_ctrl.elf.dir/Drivers/STM32F1xx_HAL_Driver/Src/stm32f1xx_ll_usb.c.obj
                0x0000000008004554                USB_DevDisconnect
 .text.USB_ReadInterrupts
                0x0000000008004558        0x8 CMakeFiles/stm32_disp_ctrl.elf.dir/Drivers/STM32F1xx_HAL_Driver/Src/stm32f1xx_ll_usb.c.obj
                0x0000000008004558                USB_ReadInterrupts
 .text.USB_EP0_OutStart
                0x0000000008004560        0x4 CMakeFiles/stm32_disp_ctrl.elf.dir/Drivers/STM32F1xx_HAL_Driver/Src/stm32f1xx_ll_usb.c.obj
                0x0000000008004560                USB_EP0_OutStart
 .text.USB_WritePMA
                0x0000000008004564       0x26 CMakeFiles/stm32_disp_ctrl.elf.dir/Drivers/STM32F1xx_HAL_Driver/Src/stm32f1xx_ll_usb.c.obj
                0x0000000008004564                USB_WritePMA
 .text.USB_EPStartXfer
                0x000000000800458a      0x8b2 CMakeFiles/stm32_disp_ctrl.elf.dir/Drivers/STM32F1xx_HAL_Driver/Src/stm32f1xx_ll_usb.c.obj
                0x000000000800458a                USB_EPStartXfer
 .text.USB_ReadPMA
                0x0000000008004e3c       0x30 CMakeFiles/stm32_disp_ctrl.elf.dir/Drivers/STM32F1xx_HAL_Driver/Src/stm32f1xx_ll_usb.c.obj
                0x0000000008004e3c                USB_ReadPMA
 .text.USBD_CDC_EP0_RxReady
                0x0000000008004e6c       0x28 CMakeFiles/stm32_disp_ctrl.elf.dir/Middlewares/ST/STM32_USB_Device_Library/Class/CDC/Src/usbd_cdc.c.obj
 .text.USBD_CDC_GetFSCfgDesc
                0x0000000008004e94        0xc CMakeFiles/stm32_disp_ctrl.elf.dir/Middlewares/ST/STM32_USB_Device_Library/Class/CDC/Src/usbd_cdc.c.obj
 .text.USBD_CDC_GetHSCfgDesc
                0x0000000008004ea0        0xc CMakeFiles/stm32_disp_ctrl.elf.dir/Middlewares/ST/STM32_USB_Device_Library/Class/CDC/Src/usbd_cdc.c.obj
 .text.USBD_CDC_GetOtherSpeedCfgDesc
                0x0000000008004eac        0xc CMakeFiles/stm32_disp_ctrl.elf.dir/Middlewares/ST/STM32_USB_Device_Library/Class/CDC/Src/usbd_cdc.c.obj
 .text.USBD_CDC_GetDeviceQualifierDescriptor
                0x0000000008004eb8        0xc CMakeFiles/stm32_disp_ctrl.elf.dir/Middlewares/ST/STM32_USB_Device_Library/Class/CDC/Src/usbd_cdc.c.obj
                0x0000000008004eb8                USBD_CDC_GetDeviceQualifierDescriptor
 .text.USBD_CDC_DataOut
                0x0000000008004ec4       0x2e CMakeFiles/stm32_disp_ctrl.elf.dir/Middlewares/ST/STM32_USB_Device_Library/Class/CDC/Src/usbd_cdc.c.obj
 .text.USBD_CDC_DataIn
                0x0000000008004ef2       0x4e CMakeFiles/stm32_disp_ctrl.elf.dir/Middlewares/ST/STM32_USB_Device_Library/Class/CDC/Src/usbd_cdc.c.obj
 .text.USBD_CDC_Setup
                0x0000000008004f40       0xd6 CMakeFiles/stm32_disp_ctrl.elf.dir/Middlewares/ST/STM32_USB_Device_Library/Class/CDC/Src/usbd_cdc.c.obj
 .text.USBD_CDC_DeInit
                0x0000000008005016       0x42 CMakeFiles/stm32_disp_ctrl.elf.dir/Middlewares/ST/STM32_USB_Device_Library/Class/CDC/Src/usbd_cdc.c.obj
 .text.USBD_CDC_Init
                0x0000000008005058       0xaa CMakeFiles/stm32_disp_ctrl.elf.dir/Middlewares/ST/STM32_USB_Device_Library/Class/CDC/Src/usbd_cdc.c.obj
 .text.USBD_CDC_RegisterInterface
                0x0000000008005102        0xe CMakeFiles/stm32_disp_ctrl.elf.dir/Middlewares/ST/STM32_USB_Device_Library/Class/CDC/Src/usbd_cdc.c.obj
                0x0000000008005102                USBD_CDC_RegisterInterface
 .text.USBD_CDC_SetTxBuffer
                0x0000000008005110       0x10 CMakeFiles/stm32_disp_ctrl.elf.dir/Middlewares/ST/STM32_USB_Device_Library/Class/CDC/Src/usbd_cdc.c.obj
                0x0000000008005110                USBD_CDC_SetTxBuffer
 .text.USBD_CDC_SetRxBuffer
                0x0000000008005120        0xc CMakeFiles/stm32_disp_ctrl.elf.dir/Middlewares/ST/STM32_USB_Device_Library/Class/CDC/Src/usbd_cdc.c.obj
                0x0000000008005120                USBD_CDC_SetRxBuffer
 .text.USBD_CDC_TransmitPacket
                0x000000000800512c       0x32 CMakeFiles/stm32_disp_ctrl.elf.dir/Middlewares/ST/STM32_USB_Device_Library/Class/CDC/Src/usbd_cdc.c.obj
                0x000000000800512c                USBD_CDC_TransmitPacket
 .text.USBD_CDC_ReceivePacket
                0x000000000800515e       0x30 CMakeFiles/stm32_disp_ctrl.elf.dir/Middlewares/ST/STM32_USB_Device_Library/Class/CDC/Src/usbd_cdc.c.obj
                0x000000000800515e                USBD_CDC_ReceivePacket
 .text.USBD_Init
                0x000000000800518e       0x2e CMakeFiles/stm32_disp_ctrl.elf.dir/Middlewares/ST/STM32_USB_Device_Library/Core/Src/usbd_core.c.obj
                0x000000000800518e                USBD_Init
 .text.USBD_RegisterClass
                0x00000000080051bc        0xe CMakeFiles/stm32_disp_ctrl.elf.dir/Middlewares/ST/STM32_USB_Device_Library/Core/Src/usbd_core.c.obj
                0x00000000080051bc                USBD_RegisterClass
 .text.USBD_Start
                0x00000000080051ca        0xa CMakeFiles/stm32_disp_ctrl.elf.dir/Middlewares/ST/STM32_USB_Device_Library/Core/Src/usbd_core.c.obj
                0x00000000080051ca                USBD_Start
 .text.USBD_SetClassConfig
                0x00000000080051d4       0x18 CMakeFiles/stm32_disp_ctrl.elf.dir/Middlewares/ST/STM32_USB_Device_Library/Core/Src/usbd_core.c.obj
                0x00000000080051d4                USBD_SetClassConfig
 .text.USBD_ClrClassConfig
                0x00000000080051ec        0xe CMakeFiles/stm32_disp_ctrl.elf.dir/Middlewares/ST/STM32_USB_Device_Library/Core/Src/usbd_core.c.obj
                0x00000000080051ec                USBD_ClrClassConfig
 .text.USBD_LL_SetupStage
                0x00000000080051fa       0x5a CMakeFiles/stm32_disp_ctrl.elf.dir/Middlewares/ST/STM32_USB_Device_Library/Core/Src/usbd_core.c.obj
                0x00000000080051fa                USBD_LL_SetupStage
 .text.USBD_LL_DataOutStage
                0x0000000008005254       0x8c CMakeFiles/stm32_disp_ctrl.elf.dir/Middlewares/ST/STM32_USB_Device_Library/Core/Src/usbd_core.c.obj
                0x0000000008005254                USBD_LL_DataOutStage
 .text.USBD_LL_DataInStage
                0x00000000080052e0       0xd0 CMakeFiles/stm32_disp_ctrl.elf.dir/Middlewares/ST/STM32_USB_Device_Library/Core/Src/usbd_core.c.obj
                0x00000000080052e0                USBD_LL_DataInStage
 .text.USBD_LL_Reset
                0x00000000080053b0       0x50 CMakeFiles/stm32_disp_ctrl.elf.dir/Middlewares/ST/STM32_USB_Device_Library/Core/Src/usbd_core.c.obj
                0x00000000080053b0                USBD_LL_Reset
 .text.USBD_LL_SetSpeed
                0x0000000008005400        0x6 CMakeFiles/stm32_disp_ctrl.elf.dir/Middlewares/ST/STM32_USB_Device_Library/Core/Src/usbd_core.c.obj
                0x0000000008005400                USBD_LL_SetSpeed
 .text.USBD_LL_Suspend
                0x0000000008005406       0x12 CMakeFiles/stm32_disp_ctrl.elf.dir/Middlewares/ST/STM32_USB_Device_Library/Core/Src/usbd_core.c.obj
                0x0000000008005406                USBD_LL_Suspend
 .text.USBD_LL_Resume
                0x0000000008005418       0x16 CMakeFiles/stm32_disp_ctrl.elf.dir/Middlewares/ST/STM32_USB_Device_Library/Core/Src/usbd_core.c.obj
                0x0000000008005418                USBD_LL_Resume
 .text.USBD_LL_SOF
                0x000000000800542e       0x1c CMakeFiles/stm32_disp_ctrl.elf.dir/Middlewares/ST/STM32_USB_Device_Library/Core/Src/usbd_core.c.obj
                0x000000000800542e                USBD_LL_SOF
 .text.USBD_GetLen
                0x000000000800544a       0x14 CMakeFiles/stm32_disp_ctrl.elf.dir/Middlewares/ST/STM32_USB_Device_Library/Core/Src/usbd_ctlreq.c.obj
 .text.USBD_SetFeature
                0x000000000800545e       0x14 CMakeFiles/stm32_disp_ctrl.elf.dir/Middlewares/ST/STM32_USB_Device_Library/Core/Src/usbd_ctlreq.c.obj
 .text.USBD_ParseSetupRequest
                0x0000000008005472       0x28 CMakeFiles/stm32_disp_ctrl.elf.dir/Middlewares/ST/STM32_USB_Device_Library/Core/Src/usbd_ctlreq.c.obj
                0x0000000008005472                USBD_ParseSetupRequest
 .text.USBD_CtlError
                0x000000000800549a       0x14 CMakeFiles/stm32_disp_ctrl.elf.dir/Middlewares/ST/STM32_USB_Device_Library/Core/Src/usbd_ctlreq.c.obj
                0x000000000800549a                USBD_CtlError
 .text.USBD_GetDescriptor
                0x00000000080054ae      0x186 CMakeFiles/stm32_disp_ctrl.elf.dir/Middlewares/ST/STM32_USB_Device_Library/Core/Src/usbd_ctlreq.c.obj
 .text.USBD_SetAddress
                0x0000000008005634       0x4e CMakeFiles/stm32_disp_ctrl.elf.dir/Middlewares/ST/STM32_USB_Device_Library/Core/Src/usbd_ctlreq.c.obj
 *fill*         0x0000000008005682        0x2 
 .text.USBD_SetConfig
                0x0000000008005684       0xb0 CMakeFiles/stm32_disp_ctrl.elf.dir/Middlewares/ST/STM32_USB_Device_Library/Core/Src/usbd_ctlreq.c.obj
 .text.USBD_GetConfig
                0x0000000008005734       0x3e CMakeFiles/stm32_disp_ctrl.elf.dir/Middlewares/ST/STM32_USB_Device_Library/Core/Src/usbd_ctlreq.c.obj
 .text.USBD_GetStatus
                0x0000000008005772       0x38 CMakeFiles/stm32_disp_ctrl.elf.dir/Middlewares/ST/STM32_USB_Device_Library/Core/Src/usbd_ctlreq.c.obj
 .text.USBD_ClrFeature
                0x00000000080057aa       0x26 CMakeFiles/stm32_disp_ctrl.elf.dir/Middlewares/ST/STM32_USB_Device_Library/Core/Src/usbd_ctlreq.c.obj
 .text.USBD_StdDevReq
                0x00000000080057d0       0x68 CMakeFiles/stm32_disp_ctrl.elf.dir/Middlewares/ST/STM32_USB_Device_Library/Core/Src/usbd_ctlreq.c.obj
                0x00000000080057d0                USBD_StdDevReq
 .text.USBD_StdItfReq
                0x0000000008005838       0x60 CMakeFiles/stm32_disp_ctrl.elf.dir/Middlewares/ST/STM32_USB_Device_Library/Core/Src/usbd_ctlreq.c.obj
                0x0000000008005838                USBD_StdItfReq
 .text.USBD_StdEPReq
                0x0000000008005898      0x1e2 CMakeFiles/stm32_disp_ctrl.elf.dir/Middlewares/ST/STM32_USB_Device_Library/Core/Src/usbd_ctlreq.c.obj
                0x0000000008005898                USBD_StdEPReq
 .text.USBD_GetString
                0x0000000008005a7a       0x3a CMakeFiles/stm32_disp_ctrl.elf.dir/Middlewares/ST/STM32_USB_Device_Library/Core/Src/usbd_ctlreq.c.obj
                0x0000000008005a7a                USBD_GetString
 .text.USBD_CtlSendData
                0x0000000008005ab4       0x1a CMakeFiles/stm32_disp_ctrl.elf.dir/Middlewares/ST/STM32_USB_Device_Library/Core/Src/usbd_ioreq.c.obj
                0x0000000008005ab4                USBD_CtlSendData
 .text.USBD_CtlContinueSendData
                0x0000000008005ace       0x10 CMakeFiles/stm32_disp_ctrl.elf.dir/Middlewares/ST/STM32_USB_Device_Library/Core/Src/usbd_ioreq.c.obj
                0x0000000008005ace                USBD_CtlContinueSendData
 .text.USBD_CtlPrepareRx
                0x0000000008005ade       0x1e CMakeFiles/stm32_disp_ctrl.elf.dir/Middlewares/ST/STM32_USB_Device_Library/Core/Src/usbd_ioreq.c.obj
                0x0000000008005ade                USBD_CtlPrepareRx
 .text.USBD_CtlContinueRx
                0x0000000008005afc       0x10 CMakeFiles/stm32_disp_ctrl.elf.dir/Middlewares/ST/STM32_USB_Device_Library/Core/Src/usbd_ioreq.c.obj
                0x0000000008005afc                USBD_CtlContinueRx
 .text.USBD_CtlSendStatus
                0x0000000008005b0c       0x16 CMakeFiles/stm32_disp_ctrl.elf.dir/Middlewares/ST/STM32_USB_Device_Library/Core/Src/usbd_ioreq.c.obj
                0x0000000008005b0c                USBD_CtlSendStatus
 .text.USBD_CtlReceiveStatus
                0x0000000008005b22       0x16 CMakeFiles/stm32_disp_ctrl.elf.dir/Middlewares/ST/STM32_USB_Device_Library/Core/Src/usbd_ioreq.c.obj
                0x0000000008005b22                USBD_CtlReceiveStatus
 .text.MX_USB_DEVICE_Init
                0x0000000008005b38       0x54 CMakeFiles/stm32_disp_ctrl.elf.dir/USB_DEVICE/App/usb_device.c.obj
                0x0000000008005b38                MX_USB_DEVICE_Init
 .text.CDC_DeInit_FS
                0x0000000008005b8c        0x4 CMakeFiles/stm32_disp_ctrl.elf.dir/USB_DEVICE/App/usbd_cdc_if.c.obj
 .text.CDC_Control_FS
                0x0000000008005b90        0x4 CMakeFiles/stm32_disp_ctrl.elf.dir/USB_DEVICE/App/usbd_cdc_if.c.obj
 .text.CDC_Receive_FS
                0x0000000008005b94       0x1c CMakeFiles/stm32_disp_ctrl.elf.dir/USB_DEVICE/App/usbd_cdc_if.c.obj
 .text.CDC_Init_FS
                0x0000000008005bb0       0x28 CMakeFiles/stm32_disp_ctrl.elf.dir/USB_DEVICE/App/usbd_cdc_if.c.obj
 .text.CDC_Transmit_FS
                0x0000000008005bd8       0x2c CMakeFiles/stm32_disp_ctrl.elf.dir/USB_DEVICE/App/usbd_cdc_if.c.obj
                0x0000000008005bd8                CDC_Transmit_FS
 .text.USBD_FS_DeviceDescriptor
                0x0000000008005c04        0xc CMakeFiles/stm32_disp_ctrl.elf.dir/USB_DEVICE/App/usbd_desc.c.obj
                0x0000000008005c04                USBD_FS_DeviceDescriptor
 .text.USBD_FS_LangIDStrDescriptor
                0x0000000008005c10        0xc CMakeFiles/stm32_disp_ctrl.elf.dir/USB_DEVICE/App/usbd_desc.c.obj
                0x0000000008005c10                USBD_FS_LangIDStrDescriptor
 .text.IntToUnicode
                0x0000000008005c1c       0x46 CMakeFiles/stm32_disp_ctrl.elf.dir/USB_DEVICE/App/usbd_desc.c.obj
 *fill*         0x0000000008005c62        0x2 
 .text.Get_SerialNum
                0x0000000008005c64       0x38 CMakeFiles/stm32_disp_ctrl.elf.dir/USB_DEVICE/App/usbd_desc.c.obj
 .text.USBD_FS_SerialStrDescriptor
                0x0000000008005c9c       0x14 CMakeFiles/stm32_disp_ctrl.elf.dir/USB_DEVICE/App/usbd_desc.c.obj
                0x0000000008005c9c                USBD_FS_SerialStrDescriptor
 .text.USBD_FS_ProductStrDescriptor
                0x0000000008005cb0       0x24 CMakeFiles/stm32_disp_ctrl.elf.dir/USB_DEVICE/App/usbd_desc.c.obj
                0x0000000008005cb0                USBD_FS_ProductStrDescriptor
 .text.USBD_FS_ManufacturerStrDescriptor
                0x0000000008005cd4       0x1c CMakeFiles/stm32_disp_ctrl.elf.dir/USB_DEVICE/App/usbd_desc.c.obj
                0x0000000008005cd4                USBD_FS_ManufacturerStrDescriptor
 .text.USBD_FS_ConfigStrDescriptor
                0x0000000008005cf0       0x24 CMakeFiles/stm32_disp_ctrl.elf.dir/USB_DEVICE/App/usbd_desc.c.obj
                0x0000000008005cf0                USBD_FS_ConfigStrDescriptor
 .text.USBD_FS_InterfaceStrDescriptor
                0x0000000008005d14       0x24 CMakeFiles/stm32_disp_ctrl.elf.dir/USB_DEVICE/App/usbd_desc.c.obj
                0x0000000008005d14                USBD_FS_InterfaceStrDescriptor
 .text.USBD_Get_USB_Status
                0x0000000008005d38       0x14 CMakeFiles/stm32_disp_ctrl.elf.dir/USB_DEVICE/Target/usbd_conf.c.obj
 .text.HAL_PCD_MspInit
                0x0000000008005d4c       0x40 CMakeFiles/stm32_disp_ctrl.elf.dir/USB_DEVICE/Target/usbd_conf.c.obj
                0x0000000008005d4c                HAL_PCD_MspInit
 .text.HAL_PCD_SetupStageCallback
                0x0000000008005d8c       0x10 CMakeFiles/stm32_disp_ctrl.elf.dir/USB_DEVICE/Target/usbd_conf.c.obj
                0x0000000008005d8c                HAL_PCD_SetupStageCallback
 .text.HAL_PCD_DataOutStageCallback
                0x0000000008005d9c       0x18 CMakeFiles/stm32_disp_ctrl.elf.dir/USB_DEVICE/Target/usbd_conf.c.obj
                0x0000000008005d9c                HAL_PCD_DataOutStageCallback
 .text.HAL_PCD_DataInStageCallback
                0x0000000008005db4       0x16 CMakeFiles/stm32_disp_ctrl.elf.dir/USB_DEVICE/Target/usbd_conf.c.obj
                0x0000000008005db4                HAL_PCD_DataInStageCallback
 .text.HAL_PCD_SOFCallback
                0x0000000008005dca        0xc CMakeFiles/stm32_disp_ctrl.elf.dir/USB_DEVICE/Target/usbd_conf.c.obj
                0x0000000008005dca                HAL_PCD_SOFCallback
 .text.HAL_PCD_ResetCallback
                0x0000000008005dd6       0x24 CMakeFiles/stm32_disp_ctrl.elf.dir/USB_DEVICE/Target/usbd_conf.c.obj
                0x0000000008005dd6                HAL_PCD_ResetCallback
 *fill*         0x0000000008005dfa        0x2 
 .text.HAL_PCD_SuspendCallback
                0x0000000008005dfc       0x20 CMakeFiles/stm32_disp_ctrl.elf.dir/USB_DEVICE/Target/usbd_conf.c.obj
                0x0000000008005dfc                HAL_PCD_SuspendCallback
 .text.HAL_PCD_ResumeCallback
                0x0000000008005e1c        0xc CMakeFiles/stm32_disp_ctrl.elf.dir/USB_DEVICE/Target/usbd_conf.c.obj
                0x0000000008005e1c                HAL_PCD_ResumeCallback
 .text.USBD_LL_Init
                0x0000000008005e28       0x84 CMakeFiles/stm32_disp_ctrl.elf.dir/USB_DEVICE/Target/usbd_conf.c.obj
                0x0000000008005e28                USBD_LL_Init
 .text.USBD_LL_Start
                0x0000000008005eac       0x10 CMakeFiles/stm32_disp_ctrl.elf.dir/USB_DEVICE/Target/usbd_conf.c.obj
                0x0000000008005eac                USBD_LL_Start
 .text.USBD_LL_OpenEP
                0x0000000008005ebc       0x16 CMakeFiles/stm32_disp_ctrl.elf.dir/USB_DEVICE/Target/usbd_conf.c.obj
                0x0000000008005ebc                USBD_LL_OpenEP
 .text.USBD_LL_CloseEP
                0x0000000008005ed2       0x10 CMakeFiles/stm32_disp_ctrl.elf.dir/USB_DEVICE/Target/usbd_conf.c.obj
                0x0000000008005ed2                USBD_LL_CloseEP
 .text.USBD_LL_StallEP
                0x0000000008005ee2       0x10 CMakeFiles/stm32_disp_ctrl.elf.dir/USB_DEVICE/Target/usbd_conf.c.obj
                0x0000000008005ee2                USBD_LL_StallEP
 .text.USBD_LL_ClearStallEP
                0x0000000008005ef2       0x10 CMakeFiles/stm32_disp_ctrl.elf.dir/USB_DEVICE/Target/usbd_conf.c.obj
                0x0000000008005ef2                USBD_LL_ClearStallEP
 .text.USBD_LL_IsStallEP
                0x0000000008005f02       0x2e CMakeFiles/stm32_disp_ctrl.elf.dir/USB_DEVICE/Target/usbd_conf.c.obj
                0x0000000008005f02                USBD_LL_IsStallEP
 .text.USBD_LL_SetUSBAddress
                0x0000000008005f30       0x10 CMakeFiles/stm32_disp_ctrl.elf.dir/USB_DEVICE/Target/usbd_conf.c.obj
                0x0000000008005f30                USBD_LL_SetUSBAddress
 .text.USBD_LL_Transmit
                0x0000000008005f40       0x10 CMakeFiles/stm32_disp_ctrl.elf.dir/USB_DEVICE/Target/usbd_conf.c.obj
                0x0000000008005f40                USBD_LL_Transmit
 .text.USBD_LL_PrepareReceive
                0x0000000008005f50       0x10 CMakeFiles/stm32_disp_ctrl.elf.dir/USB_DEVICE/Target/usbd_conf.c.obj
                0x0000000008005f50                USBD_LL_PrepareReceive
 .text.USBD_LL_GetRxDataSize
                0x0000000008005f60        0xc CMakeFiles/stm32_disp_ctrl.elf.dir/USB_DEVICE/Target/usbd_conf.c.obj
                0x0000000008005f60                USBD_LL_GetRxDataSize
 .text.USBD_static_malloc
                0x0000000008005f6c        0x8 CMakeFiles/stm32_disp_ctrl.elf.dir/USB_DEVICE/Target/usbd_conf.c.obj
                0x0000000008005f6c                USBD_static_malloc
 .text.USBD_static_free
                0x0000000008005f74        0x2 CMakeFiles/stm32_disp_ctrl.elf.dir/USB_DEVICE/Target/usbd_conf.c.obj
                0x0000000008005f74                USBD_static_free
 .text.HAL_PCDEx_SetConnectionState
                0x0000000008005f76        0x2 CMakeFiles/stm32_disp_ctrl.elf.dir/USB_DEVICE/Target/usbd_conf.c.obj
                0x0000000008005f76                HAL_PCDEx_SetConnectionState
 .text.atexit   0x0000000008005f78        0xc /usr/lib/gcc/arm-none-eabi/12.2.0/../../../../arm-none-eabi/lib/thumb/v7-m/nofp/libg.a(lib_a-atexit.o)
                0x0000000008005f78                atexit
 .text.__errno  0x0000000008005f84        0xc /usr/lib/gcc/arm-none-eabi/12.2.0/../../../../arm-none-eabi/lib/thumb/v7-m/nofp/libg.a(lib_a-errno.o)
                0x0000000008005f84                __errno
 .text.__libc_fini_array
                0x0000000008005f90       0x2c /usr/lib/gcc/arm-none-eabi/12.2.0/../../../../arm-none-eabi/lib/thumb/v7-m/nofp/libg.a(lib_a-fini.o)
                0x0000000008005f90                __libc_fini_array
 .text.__libc_init_array
                0x0000000008005fbc       0x48 /usr/lib/gcc/arm-none-eabi/12.2.0/../../../../arm-none-eabi/lib/thumb/v7-m/nofp/libg.a(lib_a-init.o)
                0x0000000008005fbc                __libc_init_array
 .text.memcmp   0x0000000008006004       0x60 /usr/lib/gcc/arm-none-eabi/12.2.0/../../../../arm-none-eabi/lib/thumb/v7-m/nofp/libg.a(lib_a-memcmp.o)
                0x0000000008006004                memcmp
 .text.memset   0x0000000008006064       0xa4 /usr/lib/gcc/arm-none-eabi/12.2.0/../../../../arm-none-eabi/lib/thumb/v7-m/nofp/libg.a(lib_a-memset.o)
                0x0000000008006064                memset
 .text.sprintf  0x0000000008006108       0x44 /usr/lib/gcc/arm-none-eabi/12.2.0/../../../../arm-none-eabi/lib/thumb/v7-m/nofp/libg.a(lib_a-sprintf.o)
                0x0000000008006108                sprintf
 .text._svfprintf_r
                0x000000000800614c     0x1994 /usr/lib/gcc/arm-none-eabi/12.2.0/../../../../arm-none-eabi/lib/thumb/v7-m/nofp/libg.a(lib_a-svfprintf.o)
                0x000000000800614c                _svfprintf_r
 .text.__register_exitproc
                0x0000000008007ae0       0x84 /usr/lib/gcc/arm-none-eabi/12.2.0/../../../../arm-none-eabi/lib/thumb/v7-m/nofp/libg.a(lib_a-__atexit.o)
                0x0000000008007ae0                __register_exitproc
 .text.startup.register_fini
                0x0000000008007b64       0x14 /usr/lib/gcc/arm-none-eabi/12.2.0/../../../../arm-none-eabi/lib/thumb/v7-m/nofp/libg.a(lib_a-__call_atexit.o)
 .text.quorem   0x0000000008007b78      0x128 /usr/lib/gcc/arm-none-eabi/12.2.0/../../../../arm-none-eabi/lib/thumb/v7-m/nofp/libg.a(lib_a-dtoa.o)
 .text._dtoa_r  0x0000000008007ca0      0xec4 /usr/lib/gcc/arm-none-eabi/12.2.0/../../../../arm-none-eabi/lib/thumb/v7-m/nofp/libg.a(lib_a-dtoa.o)
                0x0000000008007ca0                _dtoa_r
 .text._malloc_trim_r
                0x0000000008008b64       0xa0 /usr/lib/gcc/arm-none-eabi/12.2.0/../../../../arm-none-eabi/lib/thumb/v7-m/nofp/libg.a(lib_a-freer.o)
                0x0000000008008b64                _malloc_trim_r
 .text._free_r  0x0000000008008c04      0x1f8 /usr/lib/gcc/arm-none-eabi/12.2.0/../../../../arm-none-eabi/lib/thumb/v7-m/nofp/libg.a(lib_a-freer.o)
                0x0000000008008c04                _free_r
 .text._localeconv_r
                0x0000000008008dfc        0x8 /usr/lib/gcc/arm-none-eabi/12.2.0/../../../../arm-none-eabi/lib/thumb/v7-m/nofp/libg.a(lib_a-localeconv.o)
                0x0000000008008dfc                _localeconv_r
 .text.__locale_mb_cur_max
                0x0000000008008e04        0xc /usr/lib/gcc/arm-none-eabi/12.2.0/../../../../arm-none-eabi/lib/thumb/v7-m/nofp/libg.a(lib_a-locale.o)
                0x0000000008008e04                __locale_mb_cur_max
 .text.__retarget_lock_init_recursive
                0x0000000008008e10        0x4 /usr/lib/gcc/arm-none-eabi/12.2.0/../../../../arm-none-eabi/lib/thumb/v7-m/nofp/libg.a(lib_a-lock.o)
                0x0000000008008e10                __retarget_lock_init_recursive
 .text.__retarget_lock_close_recursive
                0x0000000008008e14        0x4 /usr/lib/gcc/arm-none-eabi/12.2.0/../../../../arm-none-eabi/lib/thumb/v7-m/nofp/libg.a(lib_a-lock.o)
                0x0000000008008e14                __retarget_lock_close_recursive
 .text.__retarget_lock_acquire_recursive
                0x0000000008008e18        0x4 /usr/lib/gcc/arm-none-eabi/12.2.0/../../../../arm-none-eabi/lib/thumb/v7-m/nofp/libg.a(lib_a-lock.o)
                0x0000000008008e18                __retarget_lock_acquire_recursive
 .text.__retarget_lock_release_recursive
                0x0000000008008e1c        0x4 /usr/lib/gcc/arm-none-eabi/12.2.0/../../../../arm-none-eabi/lib/thumb/v7-m/nofp/libg.a(lib_a-lock.o)
                0x0000000008008e1c                __retarget_lock_release_recursive
 .text._malloc_r
                0x0000000008008e20      0x570 /usr/lib/gcc/arm-none-eabi/12.2.0/../../../../arm-none-eabi/lib/thumb/v7-m/nofp/libg.a(lib_a-mallocr.o)
                0x0000000008008e20                _malloc_r
 .text.__ascii_mbtowc
                0x0000000008009390       0x2c /usr/lib/gcc/arm-none-eabi/12.2.0/../../../../arm-none-eabi/lib/thumb/v7-m/nofp/libg.a(lib_a-mbtowc_r.o)
                0x0000000008009390                __ascii_mbtowc
 .text.memchr   0x00000000080093bc       0x94 /usr/lib/gcc/arm-none-eabi/12.2.0/../../../../arm-none-eabi/lib/thumb/v7-m/nofp/libg.a(lib_a-memchr-stub.o)
                0x00000000080093bc                memchr
 .text.__malloc_lock
                0x0000000008009450        0xc /usr/lib/gcc/arm-none-eabi/12.2.0/../../../../arm-none-eabi/lib/thumb/v7-m/nofp/libg.a(lib_a-mlock.o)
                0x0000000008009450                __malloc_lock
 .text.__malloc_unlock
                0x000000000800945c        0xc /usr/lib/gcc/arm-none-eabi/12.2.0/../../../../arm-none-eabi/lib/thumb/v7-m/nofp/libg.a(lib_a-mlock.o)
                0x000000000800945c                __malloc_unlock
 .text._Balloc  0x0000000008009468       0x4c /usr/lib/gcc/arm-none-eabi/12.2.0/../../../../arm-none-eabi/lib/thumb/v7-m/nofp/libg.a(lib_a-mprec.o)
                0x0000000008009468                _Balloc
 .text._Bfree   0x00000000080094b4       0x14 /usr/lib/gcc/arm-none-eabi/12.2.0/../../../../arm-none-eabi/lib/thumb/v7-m/nofp/libg.a(lib_a-mprec.o)
                0x00000000080094b4                _Bfree
 .text.__multadd
                0x00000000080094c8       0xa4 /usr/lib/gcc/arm-none-eabi/12.2.0/../../../../arm-none-eabi/lib/thumb/v7-m/nofp/libg.a(lib_a-mprec.o)
                0x00000000080094c8                __multadd
 .text.__hi0bits
                0x000000000800956c       0x40 /usr/lib/gcc/arm-none-eabi/12.2.0/../../../../arm-none-eabi/lib/thumb/v7-m/nofp/libg.a(lib_a-mprec.o)
                0x000000000800956c                __hi0bits
 .text.__lo0bits
                0x00000000080095ac       0x5c /usr/lib/gcc/arm-none-eabi/12.2.0/../../../../arm-none-eabi/lib/thumb/v7-m/nofp/libg.a(lib_a-mprec.o)
                0x00000000080095ac                __lo0bits
 .text.__i2b    0x0000000008009608       0x5c /usr/lib/gcc/arm-none-eabi/12.2.0/../../../../arm-none-eabi/lib/thumb/v7-m/nofp/libg.a(lib_a-mprec.o)
                0x0000000008009608                __i2b
 .text.__multiply
                0x0000000008009664      0x15c /usr/lib/gcc/arm-none-eabi/12.2.0/../../../../arm-none-eabi/lib/thumb/v7-m/nofp/libg.a(lib_a-mprec.o)
                0x0000000008009664                __multiply
 .text.__pow5mult
                0x00000000080097c0       0xb8 /usr/lib/gcc/arm-none-eabi/12.2.0/../../../../arm-none-eabi/lib/thumb/v7-m/nofp/libg.a(lib_a-mprec.o)
                0x00000000080097c0                __pow5mult
 .text.__lshift
                0x0000000008009878       0xec /usr/lib/gcc/arm-none-eabi/12.2.0/../../../../arm-none-eabi/lib/thumb/v7-m/nofp/libg.a(lib_a-mprec.o)
                0x0000000008009878                __lshift
 .text.__mcmp   0x0000000008009964       0x40 /usr/lib/gcc/arm-none-eabi/12.2.0/../../../../arm-none-eabi/lib/thumb/v7-m/nofp/libg.a(lib_a-mprec.o)
                0x0000000008009964                __mcmp
 .text.__mdiff  0x00000000080099a4      0x150 /usr/lib/gcc/arm-none-eabi/12.2.0/../../../../arm-none-eabi/lib/thumb/v7-m/nofp/libg.a(lib_a-mprec.o)
                0x00000000080099a4                __mdiff
 .text.__d2b    0x0000000008009af4       0xc0 /usr/lib/gcc/arm-none-eabi/12.2.0/../../../../arm-none-eabi/lib/thumb/v7-m/nofp/libg.a(lib_a-mprec.o)
                0x0000000008009af4                __d2b
 .text._sbrk_r  0x0000000008009bb4       0x24 /usr/lib/gcc/arm-none-eabi/12.2.0/../../../../arm-none-eabi/lib/thumb/v7-m/nofp/libg.a(lib_a-sbrkr.o)
                0x0000000008009bb4                _sbrk_r
 .text.frexp    0x0000000008009bd8       0x70 /usr/lib/gcc/arm-none-eabi/12.2.0/../../../../arm-none-eabi/lib/thumb/v7-m/nofp/libg.a(lib_a-s_frexp.o)
                0x0000000008009bd8                frexp
 .text.strlen   0x0000000008009c48       0x5c /usr/lib/gcc/arm-none-eabi/12.2.0/../../../../arm-none-eabi/lib/thumb/v7-m/nofp/libg.a(lib_a-strlen-stub.o)
                0x0000000008009c48                strlen
 .text.strncpy  0x0000000008009ca4       0x68 /usr/lib/gcc/arm-none-eabi/12.2.0/../../../../arm-none-eabi/lib/thumb/v7-m/nofp/libg.a(lib_a-strncpy.o)
                0x0000000008009ca4                strncpy
 .text.__ssprint_r
                0x0000000008009d0c      0x108 /usr/lib/gcc/arm-none-eabi/12.2.0/../../../../arm-none-eabi/lib/thumb/v7-m/nofp/libg.a(lib_a-svfiprintf.o)
                0x0000000008009d0c                __ssprint_r
 .text.__ascii_wctomb
                0x0000000008009e14       0x1c /usr/lib/gcc/arm-none-eabi/12.2.0/../../../../arm-none-eabi/lib/thumb/v7-m/nofp/libg.a(lib_a-wctomb_r.o)
                0x0000000008009e14                __ascii_wctomb
 .text.__assert_func
                0x0000000008009e30       0x40 /usr/lib/gcc/arm-none-eabi/12.2.0/../../../../arm-none-eabi/lib/thumb/v7-m/nofp/libg.a(lib_a-assert.o)
                0x0000000008009e30                __assert_func
 .text._calloc_r
                0x0000000008009e70       0x78 /usr/lib/gcc/arm-none-eabi/12.2.0/../../../../arm-none-eabi/lib/thumb/v7-m/nofp/libg.a(lib_a-callocr.o)
                0x0000000008009e70                _calloc_r
 .text.fiprintf
                0x0000000008009ee8       0x28 /usr/lib/gcc/arm-none-eabi/12.2.0/../../../../arm-none-eabi/lib/thumb/v7-m/nofp/libg.a(lib_a-fiprintf.o)
                0x0000000008009ee8                fiprintf
 .text.memmove  0x0000000008009f10       0xf8 /usr/lib/gcc/arm-none-eabi/12.2.0/../../../../arm-none-eabi/lib/thumb/v7-m/nofp/libg.a(lib_a-memmove.o)
                0x0000000008009f10                memmove
 .text._realloc_r
                0x000000000800a008      0x3dc /usr/lib/gcc/arm-none-eabi/12.2.0/../../../../arm-none-eabi/lib/thumb/v7-m/nofp/libg.a(lib_a-reallocr.o)
                0x000000000800a008                _realloc_r
 .text.__sprint_r.part.0
                0x000000000800a3e4       0x78 /usr/lib/gcc/arm-none-eabi/12.2.0/../../../../arm-none-eabi/lib/thumb/v7-m/nofp/libg.a(lib_a-vfiprintf.o)
 .text._vfiprintf_r
                0x000000000800a45c      0xd04 /usr/lib/gcc/arm-none-eabi/12.2.0/../../../../arm-none-eabi/lib/thumb/v7-m/nofp/libg.a(lib_a-vfiprintf.o)
                0x000000000800a45c                _vfiprintf_r
 .text.__sbprintf
                0x000000000800b160       0x80 /usr/lib/gcc/arm-none-eabi/12.2.0/../../../../arm-none-eabi/lib/thumb/v7-m/nofp/libg.a(lib_a-vfiprintf.o)
 .text.__swsetup_r
                0x000000000800b1e0       0xd4 /usr/lib/gcc/arm-none-eabi/12.2.0/../../../../arm-none-eabi/lib/thumb/v7-m/nofp/libg.a(lib_a-wsetup.o)
                0x000000000800b1e0                __swsetup_r
 .text.abort    0x000000000800b2b4       0x10 /usr/lib/gcc/arm-none-eabi/12.2.0/../../../../arm-none-eabi/lib/thumb/v7-m/nofp/libg.a(lib_a-abort.o)
                0x000000000800b2b4                abort
 .text.__sflush_r
                0x000000000800b2c4      0x138 /usr/lib/gcc/arm-none-eabi/12.2.0/../../../../arm-none-eabi/lib/thumb/v7-m/nofp/libg.a(lib_a-fflush.o)
                0x000000000800b2c4                __sflush_r
 .text._fflush_r
                0x000000000800b3fc       0x5c /usr/lib/gcc/arm-none-eabi/12.2.0/../../../../arm-none-eabi/lib/thumb/v7-m/nofp/libg.a(lib_a-fflush.o)
                0x000000000800b3fc                _fflush_r
 .text._cleanup_r
                0x000000000800b458        0xc /usr/lib/gcc/arm-none-eabi/12.2.0/../../../../arm-none-eabi/lib/thumb/v7-m/nofp/libg.a(lib_a-findfp.o)
                0x000000000800b458                _cleanup_r
 .text.__sinit  0x000000000800b464      0x10c /usr/lib/gcc/arm-none-eabi/12.2.0/../../../../arm-none-eabi/lib/thumb/v7-m/nofp/libg.a(lib_a-findfp.o)
                0x000000000800b464                __sinit
 .text.__sfp_lock_acquire
                0x000000000800b570        0xc /usr/lib/gcc/arm-none-eabi/12.2.0/../../../../arm-none-eabi/lib/thumb/v7-m/nofp/libg.a(lib_a-findfp.o)
                0x000000000800b570                __sfp_lock_acquire
 .text.__sfp_lock_release
                0x000000000800b57c        0xc /usr/lib/gcc/arm-none-eabi/12.2.0/../../../../arm-none-eabi/lib/thumb/v7-m/nofp/libg.a(lib_a-findfp.o)
                0x000000000800b57c                __sfp_lock_release
 .text.__fputwc
                0x000000000800b588       0xa0 /usr/lib/gcc/arm-none-eabi/12.2.0/../../../../arm-none-eabi/lib/thumb/v7-m/nofp/libg.a(lib_a-fputwc.o)
                0x000000000800b588                __fputwc
 .text._fputwc_r
                0x000000000800b628       0x64 /usr/lib/gcc/arm-none-eabi/12.2.0/../../../../arm-none-eabi/lib/thumb/v7-m/nofp/libg.a(lib_a-fputwc.o)
                0x000000000800b628                _fputwc_r
 .text.__sfvwrite_r
                0x000000000800b68c      0x2fc /usr/lib/gcc/arm-none-eabi/12.2.0/../../../../arm-none-eabi/lib/thumb/v7-m/nofp/libg.a(lib_a-fvwrite.o)
                0x000000000800b68c                __sfvwrite_r
 .text._fwalk_reent
                0x000000000800b988       0x48 /usr/lib/gcc/arm-none-eabi/12.2.0/../../../../arm-none-eabi/lib/thumb/v7-m/nofp/libg.a(lib_a-fwalk.o)
                0x000000000800b988                _fwalk_reent
 .text.__smakebuf_r
                0x000000000800b9d0       0xe0 /usr/lib/gcc/arm-none-eabi/12.2.0/../../../../arm-none-eabi/lib/thumb/v7-m/nofp/libg.a(lib_a-makebuf.o)
                0x000000000800b9d0                __smakebuf_r
 .text.raise    0x000000000800bab0       0x5c /usr/lib/gcc/arm-none-eabi/12.2.0/../../../../arm-none-eabi/lib/thumb/v7-m/nofp/libg.a(lib_a-signal.o)
                0x000000000800bab0                raise
 .text._kill_r  0x000000000800bb0c       0x28 /usr/lib/gcc/arm-none-eabi/12.2.0/../../../../arm-none-eabi/lib/thumb/v7-m/nofp/libg.a(lib_a-signalr.o)
                0x000000000800bb0c                _kill_r
 .text._getpid_r
                0x000000000800bb34        0x4 /usr/lib/gcc/arm-none-eabi/12.2.0/../../../../arm-none-eabi/lib/thumb/v7-m/nofp/libg.a(lib_a-signalr.o)
                0x000000000800bb34                _getpid_r
 .text.__sread  0x000000000800bb38       0x24 /usr/lib/gcc/arm-none-eabi/12.2.0/../../../../arm-none-eabi/lib/thumb/v7-m/nofp/libg.a(lib_a-stdio.o)
                0x000000000800bb38                __sread
 .text.__swrite
                0x000000000800bb5c       0x40 /usr/lib/gcc/arm-none-eabi/12.2.0/../../../../arm-none-eabi/lib/thumb/v7-m/nofp/libg.a(lib_a-stdio.o)
                0x000000000800bb5c                __swrite
 .text.__sseek  0x000000000800bb9c       0x20 /usr/lib/gcc/arm-none-eabi/12.2.0/../../../../arm-none-eabi/lib/thumb/v7-m/nofp/libg.a(lib_a-stdio.o)
                0x000000000800bb9c                __sseek
 .text.__sclose
                0x000000000800bbbc        0x8 /usr/lib/gcc/arm-none-eabi/12.2.0/../../../../arm-none-eabi/lib/thumb/v7-m/nofp/libg.a(lib_a-stdio.o)
                0x000000000800bbbc                __sclose
 .text.__swbuf_r
                0x000000000800bbc4       0xb0 /usr/lib/gcc/arm-none-eabi/12.2.0/../../../../arm-none-eabi/lib/thumb/v7-m/nofp/libg.a(lib_a-wbuf.o)
                0x000000000800bbc4                __swbuf_r
 .text._wcrtomb_r
                0x000000000800bc74       0x34 /usr/lib/gcc/arm-none-eabi/12.2.0/../../../../arm-none-eabi/lib/thumb/v7-m/nofp/libg.a(lib_a-wcrtomb.o)
                0x000000000800bc74                _wcrtomb_r
 .text._write_r
                0x000000000800bca8       0x2c /usr/lib/gcc/arm-none-eabi/12.2.0/../../../../arm-none-eabi/lib/thumb/v7-m/nofp/libg.a(lib_a-writer.o)
                0x000000000800bca8                _write_r
 .text._close_r
                0x000000000800bcd4       0x24 /usr/lib/gcc/arm-none-eabi/12.2.0/../../../../arm-none-eabi/lib/thumb/v7-m/nofp/libg.a(lib_a-closer.o)
                0x000000000800bcd4                _close_r
 .text._fclose_r
                0x000000000800bcf8       0xd0 /usr/lib/gcc/arm-none-eabi/12.2.0/../../../../arm-none-eabi/lib/thumb/v7-m/nofp/libg.a(lib_a-fclose.o)
                0x000000000800bcf8                _fclose_r
 .text._fstat_r
                0x000000000800bdc8       0x28 /usr/lib/gcc/arm-none-eabi/12.2.0/../../../../arm-none-eabi/lib/thumb/v7-m/nofp/libg.a(lib_a-fstatr.o)
                0x000000000800bdc8                _fstat_r
 .text._isatty_r
                0x000000000800bdf0       0x24 /usr/lib/gcc/arm-none-eabi/12.2.0/../../../../arm-none-eabi/lib/thumb/v7-m/nofp/libg.a(lib_a-isattyr.o)
                0x000000000800bdf0                _isatty_r
 .text._lseek_r
                0x000000000800be14       0x2c /usr/lib/gcc/arm-none-eabi/12.2.0/../../../../arm-none-eabi/lib/thumb/v7-m/nofp/libg.a(lib_a-lseekr.o)
                0x000000000800be14                _lseek_r
 .text._read_r  0x000000000800be40       0x2c /usr/lib/gcc/arm-none-eabi/12.2.0/../../../../arm-none-eabi/lib/thumb/v7-m/nofp/libg.a(lib_a-readr.o)
                0x000000000800be40                _read_r
 *(.glue_7)
 .glue_7        0x000000000800be6c        0x0 linker stubs
 *(.glue_7t)
 .glue_7t       0x000000000800be6c        0x0 linker stubs
 *(.eh_frame)
 .eh_frame      0x000000000800be6c        0x0 /usr/lib/gcc/arm-none-eabi/12.2.0/thumb/v7-m/nofp/crtbegin.o
 *(.init)
 .init          0x000000000800be6c        0x4 /usr/lib/gcc/arm-none-eabi/12.2.0/thumb/v7-m/nofp/crti.o
                0x000000000800be6c                _init
 .init          0x000000000800be70        0x8 /usr/lib/gcc/arm-none-eabi/12.2.0/thumb/v7-m/nofp/crtn.o
 *(.fini)
 .fini          0x000000000800be78        0x4 /usr/lib/gcc/arm-none-eabi/12.2.0/thumb/v7-m/nofp/crti.o
                0x000000000800be78                _fini
 .fini          0x000000000800be7c        0x8 /usr/lib/gcc/arm-none-eabi/12.2.0/thumb/v7-m/nofp/crtn.o
                0x000000000800be84                . = ALIGN (0x4)
                0x000000000800be84                _etext = .

.vfp11_veneer   0x000000000800be84        0x0
 .vfp11_veneer  0x000000000800be84        0x0 linker stubs

.v4_bx          0x000000000800be84        0x0
 .v4_bx         0x000000000800be84        0x0 linker stubs

.iplt           0x000000000800be84        0x0
 .iplt          0x000000000800be84        0x0 /usr/lib/gcc/arm-none-eabi/12.2.0/thumb/v7-m/nofp/crtbegin.o

.rodata         0x000000000800be88      0x458
                0x000000000800be88                . = ALIGN (0x4)
 *(.rodata)
 *(.rodata*)
 .rodata.HAL_UART_RxCpltCallback.str1.4
                0x000000000800be88       0x4e CMakeFiles/stm32_disp_ctrl.elf.dir/Core/Src/main.c.obj
                                         0x52 (size before relaxing)
 *fill*         0x000000000800bed6        0x2 
 .rodata.APBPrescTable
                0x000000000800bed8        0x8 CMakeFiles/stm32_disp_ctrl.elf.dir/Core/Src/system_stm32f1xx.c.obj
                0x000000000800bed8                APBPrescTable
 .rodata.AHBPrescTable
                0x000000000800bee0       0x10 CMakeFiles/stm32_disp_ctrl.elf.dir/Core/Src/system_stm32f1xx.c.obj
                0x000000000800bee0                AHBPrescTable
 .rodata.HAL_RCC_GetSysClockFreq.str1.4
                0x000000000800bef0       0x11 CMakeFiles/stm32_disp_ctrl.elf.dir/Drivers/STM32F1xx_HAL_Driver/Src/stm32f1xx_hal_rcc.c.obj
 *fill*         0x000000000800bf01        0x3 
 .rodata.USBD_FS_ProductStrDescriptor.str1.4
                0x000000000800bf04       0x16 CMakeFiles/stm32_disp_ctrl.elf.dir/USB_DEVICE/App/usbd_desc.c.obj
 *fill*         0x000000000800bf1a        0x2 
 .rodata.USBD_FS_ManufacturerStrDescriptor.str1.4
                0x000000000800bf1c       0x13 CMakeFiles/stm32_disp_ctrl.elf.dir/USB_DEVICE/App/usbd_desc.c.obj
 *fill*         0x000000000800bf2f        0x1 
 .rodata.USBD_FS_ConfigStrDescriptor.str1.4
                0x000000000800bf30        0xb CMakeFiles/stm32_disp_ctrl.elf.dir/USB_DEVICE/App/usbd_desc.c.obj
 *fill*         0x000000000800bf3b        0x1 
 .rodata.USBD_FS_InterfaceStrDescriptor.str1.4
                0x000000000800bf3c        0xe CMakeFiles/stm32_disp_ctrl.elf.dir/USB_DEVICE/App/usbd_desc.c.obj
 *fill*         0x000000000800bf4a        0x2 
 .rodata._global_impure_ptr
                0x000000000800bf4c        0x4 /usr/lib/gcc/arm-none-eabi/12.2.0/../../../../arm-none-eabi/lib/thumb/v7-m/nofp/libg.a(lib_a-impure.o)
                0x000000000800bf4c                _global_impure_ptr
 .rodata._svfprintf_r.str1.4
                0x000000000800bf50       0x42 /usr/lib/gcc/arm-none-eabi/12.2.0/../../../../arm-none-eabi/lib/thumb/v7-m/nofp/libg.a(lib_a-svfprintf.o)
 *fill*         0x000000000800bf92        0x2 
 .rodata.blanks.1
                0x000000000800bf94       0x10 /usr/lib/gcc/arm-none-eabi/12.2.0/../../../../arm-none-eabi/lib/thumb/v7-m/nofp/libg.a(lib_a-svfprintf.o)
 .rodata.zeroes.0
                0x000000000800bfa4       0x10 /usr/lib/gcc/arm-none-eabi/12.2.0/../../../../arm-none-eabi/lib/thumb/v7-m/nofp/libg.a(lib_a-svfprintf.o)
 .rodata._dtoa_r.str1.4
                0x000000000800bfb4       0x6c /usr/lib/gcc/arm-none-eabi/12.2.0/../../../../arm-none-eabi/lib/thumb/v7-m/nofp/libg.a(lib_a-dtoa.o)
                                         0x70 (size before relaxing)
 .rodata._setlocale_r.str1.4
                0x000000000800c020        0xa /usr/lib/gcc/arm-none-eabi/12.2.0/../../../../arm-none-eabi/lib/thumb/v7-m/nofp/libg.a(lib_a-locale.o)
                                          0xd (size before relaxing)
 *fill*         0x000000000800c02a        0x2 
 .rodata.str1.4
                0x000000000800c02c        0x2 /usr/lib/gcc/arm-none-eabi/12.2.0/../../../../arm-none-eabi/lib/thumb/v7-m/nofp/libg.a(lib_a-locale.o)
 *fill*         0x000000000800c02e        0x2 
 .rodata.__multadd.str1.4
                0x000000000800c030       0x49 /usr/lib/gcc/arm-none-eabi/12.2.0/../../../../arm-none-eabi/lib/thumb/v7-m/nofp/libg.a(lib_a-mprec.o)
                                         0x5d (size before relaxing)
 *fill*         0x000000000800c079        0x7 
 .rodata.__mprec_bigtens
                0x000000000800c080       0x28 /usr/lib/gcc/arm-none-eabi/12.2.0/../../../../arm-none-eabi/lib/thumb/v7-m/nofp/libg.a(lib_a-mprec.o)
                0x000000000800c080                __mprec_bigtens
 .rodata.__mprec_tens
                0x000000000800c0a8       0xc8 /usr/lib/gcc/arm-none-eabi/12.2.0/../../../../arm-none-eabi/lib/thumb/v7-m/nofp/libg.a(lib_a-mprec.o)
                0x000000000800c0a8                __mprec_tens
 .rodata.p05.0  0x000000000800c170        0xc /usr/lib/gcc/arm-none-eabi/12.2.0/../../../../arm-none-eabi/lib/thumb/v7-m/nofp/libg.a(lib_a-mprec.o)
 .rodata.__assert_func.str1.4
                0x000000000800c17c       0x3f /usr/lib/gcc/arm-none-eabi/12.2.0/../../../../arm-none-eabi/lib/thumb/v7-m/nofp/libg.a(lib_a-assert.o)
                                         0x43 (size before relaxing)
 *fill*         0x000000000800c1bb        0x1 
 .rodata._ctype_
                0x000000000800c1bc      0x101 /usr/lib/gcc/arm-none-eabi/12.2.0/../../../../arm-none-eabi/lib/thumb/v7-m/nofp/libg.a(lib_a-ctype_.o)
                0x000000000800c1bc                _ctype_
 .rodata._vfiprintf_r.str1.4
                0x000000000800c2bd       0x2f /usr/lib/gcc/arm-none-eabi/12.2.0/../../../../arm-none-eabi/lib/thumb/v7-m/nofp/libg.a(lib_a-vfiprintf.o)
 *fill*         0x000000000800c2bd        0x3 
 .rodata.blanks.1
                0x000000000800c2c0       0x10 /usr/lib/gcc/arm-none-eabi/12.2.0/../../../../arm-none-eabi/lib/thumb/v7-m/nofp/libg.a(lib_a-vfiprintf.o)
 .rodata.zeroes.0
                0x000000000800c2d0       0x10 /usr/lib/gcc/arm-none-eabi/12.2.0/../../../../arm-none-eabi/lib/thumb/v7-m/nofp/libg.a(lib_a-vfiprintf.o)
                0x000000000800c2e0                . = ALIGN (0x4)

.rel.dyn        0x000000000800c2e0        0x0
 .rel.iplt      0x000000000800c2e0        0x0 /usr/lib/gcc/arm-none-eabi/12.2.0/thumb/v7-m/nofp/crtbegin.o

.ARM.extab      0x000000000800c2e0        0x0
                0x000000000800c2e0                . = ALIGN (0x4)
 *(.ARM.extab* .gnu.linkonce.armextab.*)
                0x000000000800c2e0                . = ALIGN (0x4)

.ARM            0x000000000800c2e0        0x0
                0x000000000800c2e0                . = ALIGN (0x4)
                0x000000000800c2e0                __exidx_start = .
 *(.ARM.exidx*)
                0x000000000800c2e0                __exidx_end = .
                0x000000000800c2e0                . = ALIGN (0x4)

.preinit_array  0x000000000800c2e0        0x0
                0x000000000800c2e0                . = ALIGN (0x4)
                0x000000000800c2e0                PROVIDE (__preinit_array_start = .)
 *(.preinit_array*)
                0x000000000800c2e0                PROVIDE (__preinit_array_end = .)
                0x000000000800c2e0                . = ALIGN (0x4)

.init_array     0x000000000800c2e0        0x8
                0x000000000800c2e0                . = ALIGN (0x4)
                0x000000000800c2e0                PROVIDE (__init_array_start = .)
 *(SORT_BY_NAME(.init_array.*))
 .init_array.00000
                0x000000000800c2e0        0x4 /usr/lib/gcc/arm-none-eabi/12.2.0/../../../../arm-none-eabi/lib/thumb/v7-m/nofp/libg.a(lib_a-__call_atexit.o)
 *(.init_array*)
 .init_array    0x000000000800c2e4        0x4 /usr/lib/gcc/arm-none-eabi/12.2.0/thumb/v7-m/nofp/crtbegin.o
                0x000000000800c2e8                PROVIDE (__init_array_end = .)
                0x000000000800c2e8                . = ALIGN (0x4)

.fini_array     0x000000000800c2e8        0x4
                0x000000000800c2e8                . = ALIGN (0x4)
                0x000000000800c2e8                PROVIDE (__fini_array_start = .)
 *(SORT_BY_NAME(.fini_array.*))
 *(.fini_array*)
 .fini_array    0x000000000800c2e8        0x4 /usr/lib/gcc/arm-none-eabi/12.2.0/thumb/v7-m/nofp/crtbegin.o
                0x000000000800c2ec                PROVIDE (__fini_array_end = .)
                0x000000000800c2ec                . = ALIGN (0x4)
                0x000000000800c2ec                _sidata = LOADADDR (.data)

.data           0x0000000020000000      0xb30 load address 0x000000000800c2ec
                0x0000000020000000                . = ALIGN (0x4)
                0x0000000020000000                _sdata = .
 *(.data)
 *(.data*)
 .data.TEMP_FACTOR
                0x0000000020000000        0x4 CMakeFiles/stm32_disp_ctrl.elf.dir/Core/Src/main.c.obj
                0x0000000020000000                TEMP_FACTOR
 .data.SystemCoreClock
                0x0000000020000004        0x4 CMakeFiles/stm32_disp_ctrl.elf.dir/Core/Src/system_stm32f1xx.c.obj
                0x0000000020000004                SystemCoreClock
 .data.uwTickFreq
                0x0000000020000008        0x1 CMakeFiles/stm32_disp_ctrl.elf.dir/Drivers/STM32F1xx_HAL_Driver/Src/stm32f1xx_hal.c.obj
                0x0000000020000008                uwTickFreq
 *fill*         0x0000000020000009        0x3 
 .data.uwTickPrio
                0x000000002000000c        0x4 CMakeFiles/stm32_disp_ctrl.elf.dir/Drivers/STM32F1xx_HAL_Driver/Src/stm32f1xx_hal.c.obj
                0x000000002000000c                uwTickPrio
 .data.USBD_CDC_OtherSpeedCfgDesc
                0x0000000020000010       0x43 CMakeFiles/stm32_disp_ctrl.elf.dir/Middlewares/ST/STM32_USB_Device_Library/Class/CDC/Src/usbd_cdc.c.obj
                0x0000000020000010                USBD_CDC_OtherSpeedCfgDesc
 *fill*         0x0000000020000053        0x1 
 .data.USBD_CDC_CfgFSDesc
                0x0000000020000054       0x43 CMakeFiles/stm32_disp_ctrl.elf.dir/Middlewares/ST/STM32_USB_Device_Library/Class/CDC/Src/usbd_cdc.c.obj
                0x0000000020000054                USBD_CDC_CfgFSDesc
 *fill*         0x0000000020000097        0x1 
 .data.USBD_CDC_CfgHSDesc
                0x0000000020000098       0x43 CMakeFiles/stm32_disp_ctrl.elf.dir/Middlewares/ST/STM32_USB_Device_Library/Class/CDC/Src/usbd_cdc.c.obj
                0x0000000020000098                USBD_CDC_CfgHSDesc
 *fill*         0x00000000200000db        0x1 
 .data.USBD_CDC
                0x00000000200000dc       0x38 CMakeFiles/stm32_disp_ctrl.elf.dir/Middlewares/ST/STM32_USB_Device_Library/Class/CDC/Src/usbd_cdc.c.obj
                0x00000000200000dc                USBD_CDC
 .data.USBD_CDC_DeviceQualifierDesc
                0x0000000020000114        0xa CMakeFiles/stm32_disp_ctrl.elf.dir/Middlewares/ST/STM32_USB_Device_Library/Class/CDC/Src/usbd_cdc.c.obj
 *fill*         0x000000002000011e        0x2 
 .data.USBD_Interface_fops_FS
                0x0000000020000120       0x10 CMakeFiles/stm32_disp_ctrl.elf.dir/USB_DEVICE/App/usbd_cdc_if.c.obj
                0x0000000020000120                USBD_Interface_fops_FS
 .data.USBD_StringSerial
                0x0000000020000130       0x1a CMakeFiles/stm32_disp_ctrl.elf.dir/USB_DEVICE/App/usbd_desc.c.obj
                0x0000000020000130                USBD_StringSerial
 *fill*         0x000000002000014a        0x2 
 .data.USBD_LangIDDesc
                0x000000002000014c        0x4 CMakeFiles/stm32_disp_ctrl.elf.dir/USB_DEVICE/App/usbd_desc.c.obj
                0x000000002000014c                USBD_LangIDDesc
 .data.USBD_FS_DeviceDesc
                0x0000000020000150       0x12 CMakeFiles/stm32_disp_ctrl.elf.dir/USB_DEVICE/App/usbd_desc.c.obj
                0x0000000020000150                USBD_FS_DeviceDesc
 *fill*         0x0000000020000162        0x2 
 .data.FS_Desc  0x0000000020000164       0x1c CMakeFiles/stm32_disp_ctrl.elf.dir/USB_DEVICE/App/usbd_desc.c.obj
                0x0000000020000164                FS_Desc
 .data._impure_ptr
                0x0000000020000180        0x4 /usr/lib/gcc/arm-none-eabi/12.2.0/../../../../arm-none-eabi/lib/thumb/v7-m/nofp/libg.a(lib_a-impure.o)
                0x0000000020000180                _impure_ptr
 *fill*         0x0000000020000184        0x4 
 .data.impure_data
                0x0000000020000188      0x428 /usr/lib/gcc/arm-none-eabi/12.2.0/../../../../arm-none-eabi/lib/thumb/v7-m/nofp/libg.a(lib_a-impure.o)
 .data.__atexit_recursive_mutex
                0x00000000200005b0        0x4 /usr/lib/gcc/arm-none-eabi/12.2.0/../../../../arm-none-eabi/lib/thumb/v7-m/nofp/libg.a(lib_a-__call_atexit.o)
                0x00000000200005b0                __atexit_recursive_mutex
 .data.__global_locale
                0x00000000200005b4      0x16c /usr/lib/gcc/arm-none-eabi/12.2.0/../../../../arm-none-eabi/lib/thumb/v7-m/nofp/libg.a(lib_a-locale.o)
                0x00000000200005b4                __global_locale
 .data.__malloc_av_
                0x0000000020000720      0x408 /usr/lib/gcc/arm-none-eabi/12.2.0/../../../../arm-none-eabi/lib/thumb/v7-m/nofp/libg.a(lib_a-mallocr.o)
                0x0000000020000720                __malloc_av_
 .data.__malloc_sbrk_base
                0x0000000020000b28        0x4 /usr/lib/gcc/arm-none-eabi/12.2.0/../../../../arm-none-eabi/lib/thumb/v7-m/nofp/libg.a(lib_a-mallocr.o)
                0x0000000020000b28                __malloc_sbrk_base
 .data.__malloc_trim_threshold
                0x0000000020000b2c        0x4 /usr/lib/gcc/arm-none-eabi/12.2.0/../../../../arm-none-eabi/lib/thumb/v7-m/nofp/libg.a(lib_a-mallocr.o)
                0x0000000020000b2c                __malloc_trim_threshold
 *(.RamFunc)
 *(.RamFunc*)
                0x0000000020000b30                . = ALIGN (0x4)
                0x0000000020000b30                _edata = .

.igot.plt       0x0000000020000b30        0x0 load address 0x000000000800ce1c
 .igot.plt      0x0000000020000b30        0x0 /usr/lib/gcc/arm-none-eabi/12.2.0/thumb/v7-m/nofp/crtbegin.o
                0x0000000020000b30                . = ALIGN (0x4)

.bss            0x0000000020000b30     0x1430 load address 0x000000000800ce1c
                0x0000000020000b30                _sbss = .
                0x0000000020000b30                __bss_start__ = _sbss
 *(.bss)
 *(.bss*)
 .bss.completed.1
                0x0000000020000b30        0x1 /usr/lib/gcc/arm-none-eabi/12.2.0/thumb/v7-m/nofp/crtbegin.o
 *fill*         0x0000000020000b31        0x3 
 .bss.object.0  0x0000000020000b34       0x18 /usr/lib/gcc/arm-none-eabi/12.2.0/thumb/v7-m/nofp/crtbegin.o
 .bss.buffer    0x0000000020000b4c       0xae CMakeFiles/stm32_disp_ctrl.elf.dir/Core/Src/main.c.obj
                0x0000000020000b4c                buffer
 *fill*         0x0000000020000bfa        0x2 
 .bss.hdma_usart1_tx
                0x0000000020000bfc       0x44 CMakeFiles/stm32_disp_ctrl.elf.dir/Core/Src/main.c.obj
                0x0000000020000bfc                hdma_usart1_tx
 .bss.hdma_usart1_rx
                0x0000000020000c40       0x44 CMakeFiles/stm32_disp_ctrl.elf.dir/Core/Src/main.c.obj
                0x0000000020000c40                hdma_usart1_rx
 .bss.huart1    0x0000000020000c84       0x44 CMakeFiles/stm32_disp_ctrl.elf.dir/Core/Src/main.c.obj
                0x0000000020000c84                huart1
 .bss.htim2     0x0000000020000cc8       0x48 CMakeFiles/stm32_disp_ctrl.elf.dir/Core/Src/main.c.obj
                0x0000000020000cc8                htim2
 .bss.hi2c1     0x0000000020000d10       0x54 CMakeFiles/stm32_disp_ctrl.elf.dir/Core/Src/main.c.obj
                0x0000000020000d10                hi2c1
 .bss.hcrc      0x0000000020000d64        0x8 CMakeFiles/stm32_disp_ctrl.elf.dir/Core/Src/main.c.obj
                0x0000000020000d64                hcrc
 .bss.__sbrk_heap_end
                0x0000000020000d6c        0x4 CMakeFiles/stm32_disp_ctrl.elf.dir/Core/Src/sysmem.c.obj
 .bss.uwTick    0x0000000020000d70        0x4 CMakeFiles/stm32_disp_ctrl.elf.dir/Drivers/STM32F1xx_HAL_Driver/Src/stm32f1xx_hal.c.obj
                0x0000000020000d70                uwTick
 .bss.cfgidx.0  0x0000000020000d74        0x1 CMakeFiles/stm32_disp_ctrl.elf.dir/Middlewares/ST/STM32_USB_Device_Library/Core/Src/usbd_ctlreq.c.obj
 *fill*         0x0000000020000d75        0x3 
 .bss.hUsbDeviceFS
                0x0000000020000d78      0x2c4 CMakeFiles/stm32_disp_ctrl.elf.dir/USB_DEVICE/App/usb_device.c.obj
                0x0000000020000d78                hUsbDeviceFS
 .bss.UserTxBufferFS
                0x000000002000103c      0x3e8 CMakeFiles/stm32_disp_ctrl.elf.dir/USB_DEVICE/App/usbd_cdc_if.c.obj
                0x000000002000103c                UserTxBufferFS
 .bss.UserRxBufferFS
                0x0000000020001424      0x3e8 CMakeFiles/stm32_disp_ctrl.elf.dir/USB_DEVICE/App/usbd_cdc_if.c.obj
                0x0000000020001424                UserRxBufferFS
 .bss.USBD_StrDesc
                0x000000002000180c      0x200 CMakeFiles/stm32_disp_ctrl.elf.dir/USB_DEVICE/App/usbd_desc.c.obj
                0x000000002000180c                USBD_StrDesc
 .bss.mem.0     0x0000000020001a0c      0x220 CMakeFiles/stm32_disp_ctrl.elf.dir/USB_DEVICE/Target/usbd_conf.c.obj
 .bss.hpcd_USB_FS
                0x0000000020001c2c      0x2ec CMakeFiles/stm32_disp_ctrl.elf.dir/USB_DEVICE/Target/usbd_conf.c.obj
                0x0000000020001c2c                hpcd_USB_FS
 .bss.__lock___atexit_recursive_mutex
                0x0000000020001f18        0x1 /usr/lib/gcc/arm-none-eabi/12.2.0/../../../../arm-none-eabi/lib/thumb/v7-m/nofp/libg.a(lib_a-lock.o)
                0x0000000020001f18                __lock___atexit_recursive_mutex
 *fill*         0x0000000020001f19        0x3 
 .bss.__lock___malloc_recursive_mutex
                0x0000000020001f1c        0x1 /usr/lib/gcc/arm-none-eabi/12.2.0/../../../../arm-none-eabi/lib/thumb/v7-m/nofp/libg.a(lib_a-lock.o)
                0x0000000020001f1c                __lock___malloc_recursive_mutex
 *fill*         0x0000000020001f1d        0x3 
 .bss.__lock___sfp_recursive_mutex
                0x0000000020001f20        0x1 /usr/lib/gcc/arm-none-eabi/12.2.0/../../../../arm-none-eabi/lib/thumb/v7-m/nofp/libg.a(lib_a-lock.o)
                0x0000000020001f20                __lock___sfp_recursive_mutex
 *fill*         0x0000000020001f21        0x3 
 .bss.__lock___sinit_recursive_mutex
                0x0000000020001f24        0x1 /usr/lib/gcc/arm-none-eabi/12.2.0/../../../../arm-none-eabi/lib/thumb/v7-m/nofp/libg.a(lib_a-lock.o)
                0x0000000020001f24                __lock___sinit_recursive_mutex
 *fill*         0x0000000020001f25        0x3 
 .bss.__malloc_current_mallinfo
                0x0000000020001f28       0x28 /usr/lib/gcc/arm-none-eabi/12.2.0/../../../../arm-none-eabi/lib/thumb/v7-m/nofp/libg.a(lib_a-mallocr.o)
                0x0000000020001f28                __malloc_current_mallinfo
 .bss.__malloc_max_sbrked_mem
                0x0000000020001f50        0x4 /usr/lib/gcc/arm-none-eabi/12.2.0/../../../../arm-none-eabi/lib/thumb/v7-m/nofp/libg.a(lib_a-mallocr.o)
                0x0000000020001f50                __malloc_max_sbrked_mem
 .bss.__malloc_max_total_mem